Archive member included to satisfy reference by file (symbol)

app/libapp.a(main.c.obj)      (--whole-archive)
zephyr/libzephyr.a(getopt.c.obj)
                              (--whole-archive)
zephyr/libzephyr.a(getopt_common.c.obj)
                              (--whole-archive)
zephyr/libzephyr.a(cbprintf_packaged.c.obj)
                              (--whole-archive)
zephyr/libzephyr.a(dec.c.obj)
                              (--whole-archive)
zephyr/libzephyr.a(fdtable.c.obj)
                              (--whole-archive)
zephyr/libzephyr.a(hex.c.obj)
                              (--whole-archive)
zephyr/libzephyr.a(printk.c.obj)
                              (--whole-archive)
zephyr/libzephyr.a(rb.c.obj)  (--whole-archive)
zephyr/libzephyr.a(sem.c.obj)
                              (--whole-archive)
zephyr/libzephyr.a(thread_entry.c.obj)
                              (--whole-archive)
zephyr/libzephyr.a(timeutil.c.obj)
                              (--whole-archive)
zephyr/libzephyr.a(heap.c.obj)
                              (--whole-archive)
zephyr/libzephyr.a(heap-validate.c.obj)
                              (--whole-archive)
zephyr/libzephyr.a(bitarray.c.obj)
                              (--whole-archive)
zephyr/libzephyr.a(multi_heap.c.obj)
                              (--whole-archive)
zephyr/libzephyr.a(onoff.c.obj)
                              (--whole-archive)
zephyr/libzephyr.a(notify.c.obj)
                              (--whole-archive)
zephyr/libzephyr.a(cbprintf_complete.c.obj)
                              (--whole-archive)
zephyr/libzephyr.a(ring_buffer.c.obj)
                              (--whole-archive)
zephyr/libzephyr.a(assert.c.obj)
                              (--whole-archive)
zephyr/libzephyr.a(reboot.c.obj)
                              (--whole-archive)
zephyr/libzephyr.a(configs.c.obj)
                              (--whole-archive)
zephyr/libzephyr.a(soc_nrf_common.S.obj)
                              (--whole-archive)
zephyr/libzephyr.a(validate_base_addresses.c.obj)
                              (--whole-archive)
zephyr/libzephyr.a(validate_enabled_instances.c.obj)
                              (--whole-archive)
zephyr/libzephyr.a(tracing_none.c.obj)
                              (--whole-archive)
zephyr/libzephyr.a(kernel_service.c.obj)
                              (--whole-archive)
zephyr/libzephyr.a(device_service.c.obj)
                              (--whole-archive)
zephyr/libzephyr.a(devmem_service.c.obj)
                              (--whole-archive)
zephyr/libzephyr.a(shell_rtt.c.obj)
                              (--whole-archive)
zephyr/libzephyr.a(shell.c.obj)
                              (--whole-archive)
zephyr/libzephyr.a(shell_fprintf.c.obj)
                              (--whole-archive)
zephyr/libzephyr.a(shell_utils.c.obj)
                              (--whole-archive)
zephyr/libzephyr.a(shell_ops.c.obj)
                              (--whole-archive)
zephyr/libzephyr.a(shell_help.c.obj)
                              (--whole-archive)
zephyr/libzephyr.a(shell_cmds.c.obj)
                              (--whole-archive)
zephyr/libzephyr.a(shell_history.c.obj)
                              (--whole-archive)
zephyr/libzephyr.a(shell_wildcard.c.obj)
                              (--whole-archive)
zephyr/libzephyr.a(nrf_cc3xx_platform_abort_zephyr.c.obj)
                              (--whole-archive)
zephyr/libzephyr.a(nrf_cc3xx_platform_mutex_zephyr.c.obj)
                              (--whole-archive)
zephyr/arch/common/libarch__common.a(sw_isr_common.c.obj)
                              (--whole-archive)
zephyr/arch/arch/arm/core/aarch32/libarch__arm__core__aarch32.a(cpu_idle.S.obj)
                              (--whole-archive)
zephyr/arch/arch/arm/core/aarch32/libarch__arm__core__aarch32.a(fatal.c.obj)
                              (--whole-archive)
zephyr/arch/arch/arm/core/aarch32/libarch__arm__core__aarch32.a(irq_manage.c.obj)
                              (--whole-archive)
zephyr/arch/arch/arm/core/aarch32/libarch__arm__core__aarch32.a(nmi.c.obj)
                              (--whole-archive)
zephyr/arch/arch/arm/core/aarch32/libarch__arm__core__aarch32.a(nmi_on_reset.S.obj)
                              (--whole-archive)
zephyr/arch/arch/arm/core/aarch32/libarch__arm__core__aarch32.a(prep_c.c.obj)
                              (--whole-archive)
zephyr/arch/arch/arm/core/aarch32/libarch__arm__core__aarch32.a(swap.c.obj)
                              (--whole-archive)
zephyr/arch/arch/arm/core/aarch32/libarch__arm__core__aarch32.a(swap_helper.S.obj)
                              (--whole-archive)
zephyr/arch/arch/arm/core/aarch32/libarch__arm__core__aarch32.a(thread.c.obj)
                              (--whole-archive)
zephyr/arch/arch/arm/core/aarch32/libarch__arm__core__aarch32.a(isr_wrapper.S.obj)
                              (--whole-archive)
zephyr/arch/arch/arm/core/aarch32/libarch__arm__core__aarch32.a(tls.c.obj)
[...]
Memory Configuration

Name             Origin             Length             Attributes
FLASH            0x0000000000000000 0x0000000000100000 xr
RAM              0x0000000020000000 0x0000000000040000 xw
IDT_LIST         0x00000000fffff7ff 0x0000000000000800 xw
*default*        0x0000000000000000 0xffffffffffffffff

Linker script and memory map

                0x0000000000006a78                vfprintf = __i_vfprintf
                0x0000000000000000                vfscanf = __i_vfscanf
LOAD zephyr/CMakeFiles/zephyr_final.dir/misc/empty_file.c.obj
LOAD zephyr/CMakeFiles/zephyr_final.dir/isr_tables.c.obj
LOAD app/libapp.a
LOAD zephyr/libzephyr.a
LOAD zephyr/arch/common/libarch__common.a
LOAD zephyr/arch/arch/arm/core/aarch32/libarch__arm__core__aarch32.a
LOAD zephyr/arch/arch/arm/core/aarch32/cortex_m/libarch__arm__core__aarch32__cortex_m.a
LOAD zephyr/arch/arch/arm/core/aarch32/mpu/libarch__arm__core__aarch32__mpu.a
LOAD zephyr/lib/libc/picolibc/liblib__libc__picolibc.a
LOAD zephyr/lib/libc/common/liblib__libc__common.a
LOAD zephyr/lib/posix/liblib__posix.a
LOAD zephyr/soc/soc/arm/common/cortex_m/libsoc__arm__common__cortex_m.a
LOAD zephyr/soc/soc/arm/nordic_nrf/nrf52/libsoc__arm__nordic_nrf__nrf52.a
LOAD zephyr/drivers/clock_control/libdrivers__clock_control.a
LOAD zephyr/drivers/console/libdrivers__console.a
LOAD zephyr/drivers/gpio/libdrivers__gpio.a
LOAD zephyr/drivers/pinctrl/libdrivers__pinctrl.a
LOAD zephyr/drivers/serial/libdrivers__serial.a
LOAD zephyr/drivers/timer/libdrivers__timer.a
LOAD modules/nrf/lib/fatal_error/lib..__nrf__lib__fatal_error.a
LOAD modules/nrf/drivers/hw_cc310/lib..__nrf__drivers__hw_cc310.a
LOAD modules/hal_nordic/nrfx/libmodules__hal_nordic__nrfx.a
LOAD modules/segger/libmodules__segger.a
LOAD zephyr/kernel/libkernel.a
LOAD zephyr/CMakeFiles/offsets.dir/./arch/arm/core/offsets/offsets.c.obj
LOAD /home/rube/ncs/toolchains/7795df4459/opt/zephyr-sdk/arm-zephyr-eabi/bin/../lib/gcc/arm-zephyr-eabi/12.2.0/thumb/v7e-m/nofp/libgcc.a
LOAD zephyr/arch/common/libisr_tables.a
LOAD /home/rube/ncs/v2.5.0/nrfxlib/crypto/nrf_cc310_platform/lib/cortex-m4/soft-float/no-interrupts/libnrf_cc310_platform_0.9.18.a
LOAD /home/rube/ncs/toolchains/7795df4459/opt/zephyr-sdk/arm-zephyr-eabi/bin/../lib/gcc/../../picolibc/arm-zephyr-eabi/lib/thumb/v7e-m/nofp/libc.a
LOAD /home/rube/ncs/toolchains/7795df4459/opt/zephyr-sdk/arm-zephyr-eabi/bin/../lib/gcc/arm-zephyr-eabi/12.2.0/thumb/v7e-m/nofp/libgcc.a
                0x0000000000000020                _region_min_align = 0x20

.rel.plt        0x0000000000000000        0x0
 *(SORT_BY_ALIGNMENT(.rel.plt))
                [!provide]                        PROVIDE (__rel_iplt_start = .)
 *(SORT_BY_ALIGNMENT(.rel.iplt))
 .rel.iplt      0x0000000000000000        0x0 zephyr/CMakeFiles/zephyr_final.dir/isr_tables.c.obj
                [!provide]                        PROVIDE (__rel_iplt_end = .)

.rela.plt       0x0000000000000000        0x0
 *(SORT_BY_ALIGNMENT(.rela.plt))
                [!provide]                        PROVIDE (__rela_iplt_start = .)
 *(SORT_BY_ALIGNMENT(.rela.iplt))
                [!provide]                        PROVIDE (__rela_iplt_end = .)

.rel.dyn
 *(SORT_BY_ALIGNMENT(.rel.*))

.rela.dyn
 *(SORT_BY_ALIGNMENT(.rela.*))

/DISCARD/
 *(SORT_BY_ALIGNMENT(.plt))

/DISCARD/
 *(SORT_BY_ALIGNMENT(.iplt))
                0x0000000000000000                __rom_region_start = 0x0

rom_start       0x0000000000000000      0x100
                0x0000000000000000                __rom_start_address = .
                0x0000000000000000                . = (. + (0x0 - (. - __rom_start_address)))
                0x0000000000000000                . = ALIGN (0x4)
                0x0000000000000000                . = ALIGN (0x80)
                0x0000000000000000                . = ALIGN (0x100)
                0x0000000000000000                _vector_start = .
 *(SORT_BY_ALIGNMENT(.exc_vector_table))
 *(SORT_BY_ALIGNMENT(.exc_vector_table.*))
 .exc_vector_table._vector_table_section
                0x0000000000000000       0x40 zephyr/arch/arch/arm/core/aarch32/cortex_m/libarch__arm__core__aarch32__cortex_m.a(vector_table.S.obj)
                0x0000000000000000                _vector_table
 *(SORT_BY_ALIGNMENT(.vectors))
                0x0000000000000100                _vector_end = .
                0x0000000000000040                . = ALIGN (0x4)
 *(SORT_BY_ALIGNMENT(.gnu.linkonce.irq_vector_table*))
 .gnu.linkonce.irq_vector_table
                0x0000000000000040       0xc0 zephyr/CMakeFiles/zephyr_final.dir/isr_tables.c.obj
                0x0000000000000040                _irq_vector_table
                0x0000000000000100                _vector_end = .

text            0x0000000000000100     0x8ba0
                0x0000000000000100                __text_region_start = .
 *(SORT_BY_ALIGNMENT(.text))
 .text          0x0000000000000100       0x30 /home/rube/ncs/toolchains/7795df4459/opt/zephyr-sdk/arm-zephyr-eabi/bin/../lib/gcc/arm-zephyr-eabi/12.2.0/thumb/v7e-m/nofp/libgcc.a(_aeabi_uldivmod.o)
                0x0000000000000100                __aeabi_uldivmod
 .text          0x0000000000000130        0x4 /home/rube/ncs/toolchains/7795df4459/opt/zephyr-sdk/arm-zephyr-eabi/bin/../lib/gcc/arm-zephyr-eabi/12.2.0/thumb/v7e-m/nofp/libgcc.a(_dvmd_tls.o)
                0x0000000000000130                __aeabi_ldiv0
                0x0000000000000130                __aeabi_idiv0
 .text          0x0000000000000134      0x2a0 /home/rube/ncs/toolchains/7795df4459/opt/zephyr-sdk/arm-zephyr-eabi/bin/../lib/gcc/arm-zephyr-eabi/12.2.0/thumb/v7e-m/nofp/libgcc.a(_udivmoddi4.o)
                0x0000000000000134                __udivmoddi4
 .text          0x00000000000003d4       0x14 /home/rube/ncs/toolchains/7795df4459/opt/zephyr-sdk/arm-zephyr-eabi/bin/../lib/gcc/../../picolibc/arm-zephyr-eabi/lib/thumb/v7e-m/nofp/libc.a(strcmp.S.o)
                0x00000000000003d4                strcmp
 .text          0x00000000000003e8       0x10 /home/rube/ncs/toolchains/7795df4459/opt/zephyr-sdk/arm-zephyr-eabi/bin/../lib/gcc/../../picolibc/arm-zephyr-eabi/lib/thumb/v7e-m/nofp/libc.a(strcpy.S.o)
                0x00000000000003e8                strcpy
 .text          0x00000000000003f8       0x10 /home/rube/ncs/toolchains/7795df4459/opt/zephyr-sdk/arm-zephyr-eabi/bin/../lib/gcc/../../picolibc/arm-zephyr-eabi/lib/thumb/v7e-m/nofp/libc.a(strlen.S.o)
                0x00000000000003f8                strlen
 *(SORT_BY_ALIGNMENT(.text.*))
 .text.myval_get
                0x0000000000000408       0x18 app/libapp.a(main.c.obj)
 .text.myval_set
                0x0000000000000420       0x4c app/libapp.a(main.c.obj)
 .text.getopt   0x000000000000046c       0xf8 zephyr/libzephyr.a(getopt.c.obj)
                0x000000000000046c                getopt
 .text.z_getopt_global_state_update
                0x0000000000000564       0x34 zephyr/libzephyr.a(getopt_common.c.obj)
                0x0000000000000564                z_getopt_global_state_update
 .text.getopt_state_get
                0x0000000000000598        0x8 zephyr/libzephyr.a(getopt_common.c.obj)
                0x0000000000000598                getopt_state_get
 .text.char_out
                0x00000000000005a0        0xc zephyr/libzephyr.a(printk.c.obj)
 .text.__printk_hook_install
                0x00000000000005ac        0xc zephyr/libzephyr.a(printk.c.obj)
                0x00000000000005ac                __printk_hook_install
 .text.vprintk  0x00000000000005b8       0x30 zephyr/libzephyr.a(printk.c.obj)
                0x00000000000005b8                vprintk
 .text.z_thread_entry
                0x00000000000005e8       0x34 zephyr/libzephyr.a(thread_entry.c.obj)
                0x00000000000005e8                z_thread_entry
 .text.process_event
                0x000000000000061c      0x21c zephyr/libzephyr.a(onoff.c.obj)
 .text.sys_reboot
                0x0000000000000838       0x30 zephyr/libzephyr.a(reboot.c.obj)
                0x0000000000000838                sys_reboot
 .text.z_arm_platform_init
                0x0000000000000868        0x4 zephyr/libzephyr.a(soc_nrf_common.S.obj)
                0x0000000000000868                z_arm_platform_init
 .text.cmd_kernel_version
                0x000000000000086c       0x2c zephyr/libzephyr.a(kernel_service.c.obj)
 .text.cmd_kernel_uptime
                0x0000000000000898       0x2c zephyr/libzephyr.a(kernel_service.c.obj)
 .text.cmd_kernel_threads
                0x00000000000008c4       0x38 zephyr/libzephyr.a(kernel_service.c.obj)
 .text.shell_tdata_dump
                0x00000000000008fc       0xd0 zephyr/libzephyr.a(kernel_service.c.obj)
 .text.cmd_kernel_stacks
                0x00000000000009cc       0x74 zephyr/libzephyr.a(kernel_service.c.obj)
 .text.cmd_kernel_cycles
                0x0000000000000a40       0x1c zephyr/libzephyr.a(kernel_service.c.obj)
 .text.cmd_kernel_sleep
                0x0000000000000a5c       0x54 zephyr/libzephyr.a(kernel_service.c.obj)
 .text.shell_stack_dump
                0x0000000000000ab0       0x64 zephyr/libzephyr.a(kernel_service.c.obj)
 .text.cmd_device_list
                0x0000000000000b14       0x8c zephyr/libzephyr.a(device_service.c.obj)
 .text.cmd_devmem
                0x0000000000000ba0       0xcc zephyr/libzephyr.a(devmem_service.c.obj)
 .text.cmd_dump
                0x0000000000000c6c      0x190 zephyr/libzephyr.a(devmem_service.c.obj)
 .text.set_bypass.isra.0
                0x0000000000000dfc       0x50 zephyr/libzephyr.a(devmem_service.c.obj)
 .text.bypass_cb
                0x0000000000000e4c      0x118 zephyr/libzephyr.a(devmem_service.c.obj)
 .text.cmd_load
                0x0000000000000f64       0xd8 zephyr/libzephyr.a(devmem_service.c.obj)
 .text.write    0x000000000000103c       0x38 zephyr/libzephyr.a(shell_rtt.c.obj)
 .text.enable   0x0000000000001074       0x1c zephyr/libzephyr.a(shell_rtt.c.obj)
 .text.enable_shell_rtt
                0x0000000000001090       0x24 zephyr/libzephyr.a(shell_rtt.c.obj)
 .text.init     0x00000000000010b4       0x34 zephyr/libzephyr.a(shell_rtt.c.obj)
 .text.shell_internal_help_print
                0x00000000000010e8       0x20 zephyr/libzephyr.a(shell.c.obj)
 .text.kill_handler
                0x0000000000001108       0x54 zephyr/libzephyr.a(shell.c.obj)
 .text.state_set.constprop.0
                0x000000000000115c       0x4c zephyr/libzephyr.a(shell.c.obj)
 .text.execute  0x00000000000011a8      0x2c8 zephyr/libzephyr.a(shell.c.obj)
 .text.shell_process
                0x0000000000001470      0x38c zephyr/libzephyr.a(shell.c.obj)
                0x0000000000001470                shell_process
 .text.shell_init
                0x00000000000017fc       0xf8 zephyr/libzephyr.a(shell.c.obj)
                0x00000000000017fc                shell_init
 .text.shell_start
                0x00000000000018f4       0x4c zephyr/libzephyr.a(shell.c.obj)
                0x00000000000018f4                shell_start
 .text.shell_thread
                0x0000000000001940       0xa0 zephyr/libzephyr.a(shell.c.obj)
                0x0000000000001940                shell_thread
 .text.cmd_help
                0x00000000000019e0       0x30 zephyr/libzephyr.a(shell.c.obj)
 .text.shell_hexdump_line
                0x0000000000001a10       0xe8 zephyr/libzephyr.a(shell.c.obj)
                0x0000000000001a10                shell_hexdump_line
 .text.z_shell_fprintf_fmt
                0x0000000000001af8       0x28 zephyr/libzephyr.a(shell_fprintf.c.obj)
                0x0000000000001af8                z_shell_fprintf_fmt
 .text.z_shell_make_argv
                0x0000000000001b20      0x1b8 zephyr/libzephyr.a(shell_utils.c.obj)
                0x0000000000001b20                z_shell_make_argv
 .text.z_shell_cmd_get
                0x0000000000001cd8       0x74 zephyr/libzephyr.a(shell_utils.c.obj)
                0x0000000000001cd8                z_shell_cmd_get
 .text.z_shell_spaces_trim
                0x0000000000001d4c       0x6c zephyr/libzephyr.a(shell_utils.c.obj)
                0x0000000000001d4c                z_shell_spaces_trim
 .text.z_shell_cmd_trim
                0x0000000000001db8       0x70 zephyr/libzephyr.a(shell_utils.c.obj)
                0x0000000000001db8                z_shell_cmd_trim
 .text.shell_strtoul
                0x0000000000001e28       0x54 zephyr/libzephyr.a(shell_utils.c.obj)
                0x0000000000001e28                shell_strtoul
 .text.z_cursor_next_line_move.isra.0
                0x0000000000001e7c        0xc zephyr/libzephyr.a(shell_ops.c.obj)
 .text.z_shell_op_cursor_word_move
                0x0000000000001e88       0x78 zephyr/libzephyr.a(shell_ops.c.obj)
                0x0000000000001e88                z_shell_op_cursor_word_move
 .text.z_shell_print_cmd
                0x0000000000001f00       0x10 zephyr/libzephyr.a(shell_ops.c.obj)
                0x0000000000001f00                z_shell_print_cmd
 .text.z_shell_op_word_remove
                0x0000000000001f10       0x94 zephyr/libzephyr.a(shell_ops.c.obj)
                0x0000000000001f10                z_shell_op_word_remove
 .text.reprint_from_cursor
                0x0000000000001fa4       0x6c zephyr/libzephyr.a(shell_ops.c.obj)
 .text.z_shell_op_char_insert
                0x0000000000002010       0x6c zephyr/libzephyr.a(shell_ops.c.obj)
                0x0000000000002010                z_shell_op_char_insert
 .text.z_shell_print_prompt_and_cmd
                0x000000000000207c       0x30 zephyr/libzephyr.a(shell_ops.c.obj)
                0x000000000000207c                z_shell_print_prompt_and_cmd
 .text.z_cursor_next_line_move.isra.0
                0x00000000000020ac        0xc zephyr/libzephyr.a(shell_help.c.obj)
 .text.formatted_text_print.constprop.0
                0x00000000000020b8       0xe4 zephyr/libzephyr.a(shell_help.c.obj)
 .text.z_shell_help_subcmd_print
                0x000000000000219c       0xb4 zephyr/libzephyr.a(shell_help.c.obj)
                0x000000000000219c                z_shell_help_subcmd_print
 .text.z_shell_help_cmd_print
                0x0000000000002250       0x40 zephyr/libzephyr.a(shell_help.c.obj)
                0x0000000000002250                z_shell_help_cmd_print
 .text.z_shell_help_request
                0x0000000000002290       0x28 zephyr/libzephyr.a(shell_help.c.obj)
                0x0000000000002290                z_shell_help_request
 .text.cmd_shell_stats_show
                0x00000000000022b8       0x18 zephyr/libzephyr.a(shell_cmds.c.obj)
 .text.cmd_backends
                0x00000000000022d0       0x50 zephyr/libzephyr.a(shell_cmds.c.obj)
 .text.cmd_prompt_off
                0x0000000000002320       0x10 zephyr/libzephyr.a(shell_cmds.c.obj)
 .text.cmd_history
                0x0000000000002330       0x44 zephyr/libzephyr.a(shell_cmds.c.obj)
 .text.cmd_get_retval
                0x0000000000002374       0x1c zephyr/libzephyr.a(shell_cmds.c.obj)
 .text.cmd_echo
                0x0000000000002390       0x58 zephyr/libzephyr.a(shell_cmds.c.obj)
 .text.z_shell_wildcard_process
                0x00000000000023e8       0xe4 zephyr/libzephyr.a(shell_wildcard.c.obj)
                0x00000000000023e8                z_shell_wildcard_process
 .text.nrf_cc3xx_platform_abort_init
                0x00000000000024cc        0xc zephyr/libzephyr.a(nrf_cc3xx_platform_abort_zephyr.c.obj)
                0x00000000000024cc                nrf_cc3xx_platform_abort_init
 .text.mutex_free_platform
                0x00000000000024d8       0x54 zephyr/libzephyr.a(nrf_cc3xx_platform_mutex_zephyr.c.obj)
 .text.mutex_lock_platform
                0x000000000000252c       0x60 zephyr/libzephyr.a(nrf_cc3xx_platform_mutex_zephyr.c.obj)
 .text.mutex_unlock_platform
                0x000000000000258c       0x58 zephyr/libzephyr.a(nrf_cc3xx_platform_mutex_zephyr.c.obj)
 .text.mutex_init_platform
                0x00000000000025e4       0x94 zephyr/libzephyr.a(nrf_cc3xx_platform_mutex_zephyr.c.obj)
 .text.nrf_cc3xx_platform_mutex_init
                0x0000000000002678       0x2c zephyr/libzephyr.a(nrf_cc3xx_platform_mutex_zephyr.c.obj)
                0x0000000000002678                nrf_cc3xx_platform_mutex_init
 .text.z_arm_cpu_idle_init
                0x00000000000026a4        0xc zephyr/arch/arch/arm/core/aarch32/libarch__arm__core__aarch32.a(cpu_idle.S.obj)
                0x00000000000026a4                z_arm_cpu_idle_init
 .text.arch_cpu_idle
                0x00000000000026b0       0x1c zephyr/arch/arch/arm/core/aarch32/libarch__arm__core__aarch32.a(cpu_idle.S.obj)
                0x00000000000026b0                arch_cpu_idle
 .text.arch_cpu_atomic_idle
                0x00000000000026cc       0x18 zephyr/arch/arch/arm/core/aarch32/libarch__arm__core__aarch32.a(cpu_idle.S.obj)
                0x00000000000026cc                arch_cpu_atomic_idle
 .text.arch_irq_enable
                0x00000000000026e4       0x1c zephyr/arch/arch/arm/core/aarch32/libarch__arm__core__aarch32.a(irq_manage.c.obj)
                0x00000000000026e4                arch_irq_enable
 .text.arch_irq_disable
                0x0000000000002700       0x28 zephyr/arch/arch/arm/core/aarch32/libarch__arm__core__aarch32.a(irq_manage.c.obj)
                0x0000000000002700                arch_irq_disable
 .text.arch_irq_is_enabled
                0x0000000000002728       0x1c zephyr/arch/arch/arm/core/aarch32/libarch__arm__core__aarch32.a(irq_manage.c.obj)
                0x0000000000002728                arch_irq_is_enabled
 .text.z_arm_irq_priority_set
                0x0000000000002744       0x30 zephyr/arch/arch/arm/core/aarch32/libarch__arm__core__aarch32.a(irq_manage.c.obj)
                0x0000000000002744                z_arm_irq_priority_set
 .text.z_SysNmiOnReset
                0x0000000000002774        0x8 zephyr/arch/arch/arm/core/aarch32/libarch__arm__core__aarch32.a(nmi_on_reset.S.obj)
                0x0000000000002774                z_SysNmiOnReset
 .text.z_arm_prep_c
                0x000000000000277c       0x38 zephyr/arch/arch/arm/core/aarch32/libarch__arm__core__aarch32.a(prep_c.c.obj)
                0x000000000000277c                z_arm_prep_c
 .text.arch_swap
                0x00000000000027b4       0x38 zephyr/arch/arch/arm/core/aarch32/libarch__arm__core__aarch32.a(swap.c.obj)
                0x00000000000027b4                arch_swap
 .text.z_arm_pendsv
                0x00000000000027ec       0x68 zephyr/arch/arch/arm/core/aarch32/libarch__arm__core__aarch32.a(swap_helper.S.obj)
                0x00000000000027ec                z_arm_pendsv
 .text.z_arm_svc
                0x0000000000002854       0x20 zephyr/arch/arch/arm/core/aarch32/libarch__arm__core__aarch32.a(swap_helper.S.obj)
                0x0000000000002854                z_arm_svc
 .text.arch_new_thread
                0x0000000000002874       0x38 zephyr/arch/arch/arm/core/aarch32/libarch__arm__core__aarch32.a(thread.c.obj)
                0x0000000000002874                arch_new_thread
 .text.z_check_thread_stack_fail
                0x00000000000028ac       0x30 zephyr/arch/arch/arm/core/aarch32/libarch__arm__core__aarch32.a(thread.c.obj)
                0x00000000000028ac                z_check_thread_stack_fail
 .text.arch_switch_to_main_thread
                0x00000000000028dc       0x38 zephyr/arch/arch/arm/core/aarch32/libarch__arm__core__aarch32.a(thread.c.obj)
                0x00000000000028dc                arch_switch_to_main_thread
 .text._isr_wrapper
                0x0000000000002914       0x28 zephyr/arch/arch/arm/core/aarch32/libarch__arm__core__aarch32.a(isr_wrapper.S.obj)
                0x0000000000002914                _isr_wrapper
 .text.arch_tls_stack_setup
                0x000000000000293c       0x60 zephyr/arch/arch/arm/core/aarch32/libarch__arm__core__aarch32.a(tls.c.obj)
                0x000000000000293c                arch_tls_stack_setup
 .text._HandlerModeExit
                0x000000000000299c       0x1c zephyr/arch/arch/arm/core/aarch32/cortex_m/libarch__arm__core__aarch32__cortex_m.a(exc_exit.S.obj)
                0x000000000000299c                z_arm_exc_exit
                0x000000000000299c                z_arm_int_exit
 .text.mem_manage_fault
                0x00000000000029b8       0xa0 zephyr/arch/arch/arm/core/aarch32/cortex_m/libarch__arm__core__aarch32__cortex_m.a(fault.c.obj)
 .text.usage_fault.constprop.0
                0x0000000000002a58       0x54 zephyr/arch/arch/arm/core/aarch32/cortex_m/libarch__arm__core__aarch32__cortex_m.a(fault.c.obj)
 .text.bus_fault.constprop.0
                0x0000000000002aac       0x6c zephyr/arch/arch/arm/core/aarch32/cortex_m/libarch__arm__core__aarch32__cortex_m.a(fault.c.obj)
 .text.z_arm_fault
                0x0000000000002b18      0x128 zephyr/arch/arch/arm/core/aarch32/cortex_m/libarch__arm__core__aarch32__cortex_m.a(fault.c.obj)
                0x0000000000002b18                z_arm_fault
 .text.z_arm_fault_init
                0x0000000000002c40       0x10 zephyr/arch/arch/arm/core/aarch32/cortex_m/libarch__arm__core__aarch32__cortex_m.a(fault.c.obj)
                0x0000000000002c40                z_arm_fault_init
 .text.__fault  0x0000000000002c50       0x14 zephyr/arch/arch/arm/core/aarch32/cortex_m/libarch__arm__core__aarch32__cortex_m.a(fault_s.S.obj)
                0x0000000000002c50                z_arm_bus_fault
                0x0000000000002c50                z_arm_usage_fault
                0x0000000000002c50                z_arm_mpu_fault
                0x0000000000002c50                z_arm_exc_spurious
                0x0000000000002c50                z_arm_debug_monitor
                0x0000000000002c50                z_arm_hard_fault
 .text.z_arm_interrupt_init
                0x0000000000002c64       0x18 zephyr/arch/arch/arm/core/aarch32/cortex_m/libarch__arm__core__aarch32__cortex_m.a(irq_init.c.obj)
                0x0000000000002c64                z_arm_interrupt_init
 .text._reset_section
                0x0000000000002c7c       0x64 zephyr/arch/arch/arm/core/aarch32/cortex_m/libarch__arm__core__aarch32__cortex_m.a(reset.S.obj)
                0x0000000000002c7c                z_arm_reset
                0x0000000000002c7c                __start
 .text.sys_arch_reboot
                0x0000000000002ce0       0x24 zephyr/arch/arch/arm/core/aarch32/cortex_m/libarch__arm__core__aarch32__cortex_m.a(scb.c.obj)
                0x0000000000002ce0                sys_arch_reboot
 .text.z_arm_clear_arm_mpu_config
                0x0000000000002d04       0x24 zephyr/arch/arch/arm/core/aarch32/cortex_m/libarch__arm__core__aarch32__cortex_m.a(scb.c.obj)
                0x0000000000002d04                z_arm_clear_arm_mpu_config
 .text.z_arm_init_arch_hw_at_boot
                0x0000000000002d28       0x64 zephyr/arch/arch/arm/core/aarch32/cortex_m/libarch__arm__core__aarch32__cortex_m.a(scb.c.obj)
                0x0000000000002d28                z_arm_init_arch_hw_at_boot
 .text.z_impl_k_thread_abort
                0x0000000000002d8c       0x2c zephyr/arch/arch/arm/core/aarch32/cortex_m/libarch__arm__core__aarch32__cortex_m.a(thread_abort.c.obj)
                0x0000000000002d8c                z_impl_k_thread_abort
 .text.z_arm_configure_static_mpu_regions
                0x0000000000002db8       0x18 zephyr/arch/arch/arm/core/aarch32/mpu/libarch__arm__core__aarch32__mpu.a(arm_core_mpu.c.obj)
                0x0000000000002db8                z_arm_configure_static_mpu_regions
 .text.z_arm_configure_dynamic_mpu_regions
                0x0000000000002dd0       0x24 zephyr/arch/arch/arm/core/aarch32/mpu/libarch__arm__core__aarch32__mpu.a(arm_core_mpu.c.obj)
                0x0000000000002dd0                z_arm_configure_dynamic_mpu_regions
 .text.mpu_configure_regions
                0x0000000000002df4       0x88 zephyr/arch/arch/arm/core/aarch32/mpu/libarch__arm__core__aarch32__mpu.a(arm_mpu.c.obj)
 .text.arm_core_mpu_enable
                0x0000000000002e7c       0x18 zephyr/arch/arch/arm/core/aarch32/mpu/libarch__arm__core__aarch32__mpu.a(arm_mpu.c.obj)
                0x0000000000002e7c                arm_core_mpu_enable
 .text.arm_core_mpu_disable
                0x0000000000002e94       0x14 zephyr/arch/arch/arm/core/aarch32/mpu/libarch__arm__core__aarch32__mpu.a(arm_mpu.c.obj)
                0x0000000000002e94                arm_core_mpu_disable
 .text.arm_core_mpu_configure_static_mpu_regions
                0x0000000000002ea8       0x14 zephyr/arch/arch/arm/core/aarch32/mpu/libarch__arm__core__aarch32__mpu.a(arm_mpu.c.obj)
                0x0000000000002ea8                arm_core_mpu_configure_static_mpu_regions
 .text.arm_core_mpu_configure_dynamic_mpu_regions
                0x0000000000002ebc       0x30 zephyr/arch/arch/arm/core/aarch32/mpu/libarch__arm__core__aarch32__mpu.a(arm_mpu.c.obj)
                0x0000000000002ebc                arm_core_mpu_configure_dynamic_mpu_regions
 .text.z_arm_mpu_init
                0x0000000000002eec       0x60 zephyr/arch/arch/arm/core/aarch32/mpu/libarch__arm__core__aarch32__mpu.a(arm_mpu.c.obj)
                0x0000000000002eec                z_arm_mpu_init
 .text.z_impl_zephyr_fputc
                0x0000000000002f4c       0x10 zephyr/lib/libc/picolibc/liblib__libc__picolibc.a(libc-hooks.c.obj)
                0x0000000000002f4c                z_impl_zephyr_fputc
 .text.__stdout_hook_install
                0x0000000000002f5c       0x18 zephyr/lib/libc/picolibc/liblib__libc__picolibc.a(libc-hooks.c.obj)
                0x0000000000002f5c                __stdout_hook_install
 .text.cbvprintf
                0x0000000000002f74       0x38 zephyr/lib/libc/picolibc/liblib__libc__picolibc.a(libc-hooks.c.obj)
                0x0000000000002f74                cbvprintf
 .text.__chk_fail
                0x0000000000002fac       0x18 zephyr/lib/libc/picolibc/liblib__libc__picolibc.a(libc-hooks.c.obj)
                0x0000000000002fac                __chk_fail
 .text.malloc_prepare
                0x0000000000002fc4       0x24 zephyr/lib/libc/common/liblib__libc__common.a(malloc.c.obj)
 .text.foldcase
                0x0000000000002fe8       0x18 zephyr/lib/posix/liblib__posix.a(fnmatch.c.obj)
 .text.nordicsemi_nrf52_init
                0x0000000000003000       0x44 zephyr/soc/soc/arm/nordic_nrf/nrf52/libsoc__arm__nordic_nrf__nrf52.a(soc.c.obj)
 .text.arch_busy_wait
                0x0000000000003044       0x14 zephyr/soc/soc/arm/nordic_nrf/nrf52/libsoc__arm__nordic_nrf__nrf52.a(soc.c.obj)
                0x0000000000003044                arch_busy_wait
 .text.onoff_stop
                0x0000000000003058       0x30 zephyr/drivers/clock_control/libdrivers__clock_control.a(clock_control_nrf.c.obj)
 .text.onoff_start
                0x0000000000003088       0x44 zephyr/drivers/clock_control/libdrivers__clock_control.a(clock_control_nrf.c.obj)
 .text.hfclk_start
                0x00000000000030cc       0x30 zephyr/drivers/clock_control/libdrivers__clock_control.a(clock_control_nrf.c.obj)
 .text.clk_init
                0x00000000000030fc       0x58 zephyr/drivers/clock_control/libdrivers__clock_control.a(clock_control_nrf.c.obj)
 .text.clkstarted_handle.constprop.0
                0x0000000000003154       0x34 zephyr/drivers/clock_control/libdrivers__clock_control.a(clock_control_nrf.c.obj)
 .text.clock_event_handler
                0x0000000000003188       0x1c zephyr/drivers/clock_control/libdrivers__clock_control.a(clock_control_nrf.c.obj)
 .text.generic_hfclk_start
                0x00000000000031a4       0x60 zephyr/drivers/clock_control/libdrivers__clock_control.a(clock_control_nrf.c.obj)
 .text.api_blocking_start
                0x0000000000003204       0x3c zephyr/drivers/clock_control/libdrivers__clock_control.a(clock_control_nrf.c.obj)
 .text.cmd_status
                0x0000000000003240       0xf8 zephyr/drivers/clock_control/libdrivers__clock_control.a(clock_control_nrf.c.obj)
 .text.hfclk_stop
                0x0000000000003338       0x30 zephyr/drivers/clock_control/libdrivers__clock_control.a(clock_control_nrf.c.obj)
 .text.generic_hfclk_stop
                0x0000000000003368       0x34 zephyr/drivers/clock_control/libdrivers__clock_control.a(clock_control_nrf.c.obj)
 .text.z_nrf_clock_control_lf_on
                0x000000000000339c       0xfc zephyr/drivers/clock_control/libdrivers__clock_control.a(clock_control_nrf.c.obj)
                0x000000000000339c                z_nrf_clock_control_lf_on
 .text.rtt_console_init
                0x0000000000003498       0x18 zephyr/drivers/console/libdrivers__console.a(rtt_console.c.obj)
 .text.rtt_console_out
                0x00000000000034b0       0x58 zephyr/drivers/console/libdrivers__console.a(rtt_console.c.obj)
 .text.uart_console_init
                0x0000000000003508       0x28 zephyr/drivers/console/libdrivers__console.a(uart_console.c.obj)
 .text.console_out
                0x0000000000003530       0x28 zephyr/drivers/console/libdrivers__console.a(uart_console.c.obj)
 .text.gpio_nrfx_pin_interrupt_configure
                0x0000000000003558       0xe4 zephyr/drivers/gpio/libdrivers__gpio.a(gpio_nrfx.c.obj)
 .text.gpio_nrfx_init
                0x000000000000363c       0x38 zephyr/drivers/gpio/libdrivers__gpio.a(gpio_nrfx.c.obj)
 .text.nrfx_gpio_handler
                0x0000000000003674       0x4c zephyr/drivers/gpio/libdrivers__gpio.a(gpio_nrfx.c.obj)
 .text.gpio_nrfx_pin_configure
                0x00000000000036c0      0x128 zephyr/drivers/gpio/libdrivers__gpio.a(gpio_nrfx.c.obj)
 .text.nrf_gpio_pin_port_decode
                0x00000000000037e8       0x20 zephyr/drivers/pinctrl/libdrivers__pinctrl.a(pinctrl_nrf.c.obj)
 .text.pinctrl_configure_pins
                0x0000000000003808      0x190 zephyr/drivers/pinctrl/libdrivers__pinctrl.a(pinctrl_nrf.c.obj)
                0x0000000000003808                pinctrl_configure_pins
 .text.uarte_nrfx_configure
                0x0000000000003998      0x168 zephyr/drivers/serial/libdrivers__serial.a(uart_nrfx_uarte.c.obj)
 .text.uarte_0_init
                0x0000000000003b00       0xe8 zephyr/drivers/serial/libdrivers__serial.a(uart_nrfx_uarte.c.obj)
 .text.uarte_nrfx_poll_out
                0x0000000000003be8       0xcc zephyr/drivers/serial/libdrivers__serial.a(uart_nrfx_uarte.c.obj)
 .text.compare_int_lock
                0x0000000000003cb4       0x48 zephyr/drivers/timer/libdrivers__timer.a(nrf_rtc_timer.c.obj)
 .text.sys_clock_timeout_handler
                0x0000000000003cfc       0x48 zephyr/drivers/timer/libdrivers__timer.a(nrf_rtc_timer.c.obj)
 .text.compare_int_unlock
                0x0000000000003d44       0x5c zephyr/drivers/timer/libdrivers__timer.a(nrf_rtc_timer.c.obj)
 .text.z_nrf_rtc_timer_read
                0x0000000000003da0       0x44 zephyr/drivers/timer/libdrivers__timer.a(nrf_rtc_timer.c.obj)
                0x0000000000003da0                z_nrf_rtc_timer_read
 .text.compare_set
                0x0000000000003de4      0x130 zephyr/drivers/timer/libdrivers__timer.a(nrf_rtc_timer.c.obj)
 .text.sys_clock_driver_init
                0x0000000000003f14       0x90 zephyr/drivers/timer/libdrivers__timer.a(nrf_rtc_timer.c.obj)
 .text.rtc_nrf_isr
                0x0000000000003fa4       0xd4 zephyr/drivers/timer/libdrivers__timer.a(nrf_rtc_timer.c.obj)
                0x0000000000003fa4                rtc_nrf_isr
 .text.sys_clock_set_timeout
                0x0000000000004078       0x68 zephyr/drivers/timer/libdrivers__timer.a(nrf_rtc_timer.c.obj)
                0x0000000000004078                sys_clock_set_timeout
 .text.sys_clock_elapsed
                0x00000000000040e0       0x14 zephyr/drivers/timer/libdrivers__timer.a(nrf_rtc_timer.c.obj)
                0x00000000000040e0                sys_clock_elapsed
 .text.sys_clock_disable
                0x00000000000040f4       0x30 zephyr/drivers/timer/libdrivers__timer.a(nrf_rtc_timer.c.obj)
                0x00000000000040f4                sys_clock_disable
 .text.nrf52_errata_98
                0x0000000000004124       0x24 modules/hal_nordic/nrfx/libmodules__hal_nordic__nrfx.a(system_nrf52840.c.obj)
 .text.nvmc_wait
                0x0000000000004148       0x10 modules/hal_nordic/nrfx/libmodules__hal_nordic__nrfx.a(system_nrf52840.c.obj)
                0x0000000000004148                nvmc_wait
 .text.SystemInit
                0x0000000000004158      0x1bc modules/hal_nordic/nrfx/libmodules__hal_nordic__nrfx.a(system_nrf52840.c.obj)
                0x0000000000004158                SystemInit
 .text.nrfx_flag32_alloc
                0x0000000000004314       0x48 modules/hal_nordic/nrfx/libmodules__hal_nordic__nrfx.a(nrfx_flag32_allocator.c.obj)
                0x0000000000004314                nrfx_flag32_alloc
 .text.nrfx_flag32_free
                0x000000000000435c       0x40 modules/hal_nordic/nrfx/libmodules__hal_nordic__nrfx.a(nrfx_flag32_allocator.c.obj)
                0x000000000000435c                nrfx_flag32_free
 .text.nrfx_gppi_channels_enable
                0x000000000000439c        0xc modules/hal_nordic/nrfx/libmodules__hal_nordic__nrfx.a(nrfx_gppi_ppi.c.obj)
                0x000000000000439c                nrfx_gppi_channels_enable
 .text.clock_stop
                0x00000000000043a8       0xc4 modules/hal_nordic/nrfx/libmodules__hal_nordic__nrfx.a(nrfx_clock.c.obj)
 .text.nrfx_clock_init
                0x000000000000446c       0x20 modules/hal_nordic/nrfx/libmodules__hal_nordic__nrfx.a(nrfx_clock.c.obj)
                0x000000000000446c                nrfx_clock_init
 .text.nrfx_power_clock_irq_handler
                0x000000000000448c       0x68 modules/hal_nordic/nrfx/libmodules__hal_nordic__nrfx.a(nrfx_clock.c.obj)
                0x000000000000448c                nrfx_power_clock_irq_handler
 .text.nrf_gpio_pin_port_decode
                0x00000000000044f4       0x20 modules/hal_nordic/nrfx/libmodules__hal_nordic__nrfx.a(nrfx_gpiote.c.obj)
 .text.get_pin_idx
                0x0000000000004514       0x14 modules/hal_nordic/nrfx/libmodules__hal_nordic__nrfx.a(nrfx_gpiote.c.obj)
 .text.pin_in_use_by_te
                0x0000000000004528       0x18 modules/hal_nordic/nrfx/libmodules__hal_nordic__nrfx.a(nrfx_gpiote.c.obj)
 .text.pin_is_output
                0x0000000000004540       0x18 modules/hal_nordic/nrfx/libmodules__hal_nordic__nrfx.a(nrfx_gpiote.c.obj)
 .text.pin_te_get
                0x0000000000004558       0x18 modules/hal_nordic/nrfx/libmodules__hal_nordic__nrfx.a(nrfx_gpiote.c.obj)
 .text.call_handler
                0x0000000000004570       0x40 modules/hal_nordic/nrfx/libmodules__hal_nordic__nrfx.a(nrfx_gpiote.c.obj)
 .text.release_handler
                0x00000000000045b0       0x58 modules/hal_nordic/nrfx/libmodules__hal_nordic__nrfx.a(nrfx_gpiote.c.obj)
 .text.__nrfy_internal_gpiote_events_process.constprop.0
                0x0000000000004608       0x54 modules/hal_nordic/nrfx/libmodules__hal_nordic__nrfx.a(nrfx_gpiote.c.obj)
 .text.nrfx_gpiote_input_configure
                0x000000000000465c      0x180 modules/hal_nordic/nrfx/libmodules__hal_nordic__nrfx.a(nrfx_gpiote.c.obj)
                0x000000000000465c                nrfx_gpiote_input_configure
 .text.nrfx_gpiote_output_configure
                0x00000000000047dc       0xf4 modules/hal_nordic/nrfx/libmodules__hal_nordic__nrfx.a(nrfx_gpiote.c.obj)
                0x00000000000047dc                nrfx_gpiote_output_configure
 .text.nrfx_gpiote_global_callback_set
                0x00000000000048d0        0xc modules/hal_nordic/nrfx/libmodules__hal_nordic__nrfx.a(nrfx_gpiote.c.obj)
                0x00000000000048d0                nrfx_gpiote_global_callback_set
 .text.nrfx_gpiote_channel_get
                0x00000000000048dc       0x30 modules/hal_nordic/nrfx/libmodules__hal_nordic__nrfx.a(nrfx_gpiote.c.obj)
                0x00000000000048dc                nrfx_gpiote_channel_get
 .text.nrfx_gpiote_init
                0x000000000000490c       0x50 modules/hal_nordic/nrfx/libmodules__hal_nordic__nrfx.a(nrfx_gpiote.c.obj)
                0x000000000000490c                nrfx_gpiote_init
 .text.nrfx_gpiote_is_init
                0x000000000000495c       0x14 modules/hal_nordic/nrfx/libmodules__hal_nordic__nrfx.a(nrfx_gpiote.c.obj)
                0x000000000000495c                nrfx_gpiote_is_init
 .text.nrfx_gpiote_channel_free
                0x0000000000004970        0xc modules/hal_nordic/nrfx/libmodules__hal_nordic__nrfx.a(nrfx_gpiote.c.obj)
                0x0000000000004970                nrfx_gpiote_channel_free
 .text.nrfx_gpiote_channel_alloc
                0x000000000000497c        0xc modules/hal_nordic/nrfx/libmodules__hal_nordic__nrfx.a(nrfx_gpiote.c.obj)
                0x000000000000497c                nrfx_gpiote_channel_alloc
 .text.nrfx_gpiote_trigger_enable
                0x0000000000004988       0x9c modules/hal_nordic/nrfx/libmodules__hal_nordic__nrfx.a(nrfx_gpiote.c.obj)
                0x0000000000004988                nrfx_gpiote_trigger_enable
 .text.nrfx_gpiote_trigger_disable
                0x0000000000004a24       0x4c modules/hal_nordic/nrfx/libmodules__hal_nordic__nrfx.a(nrfx_gpiote.c.obj)
                0x0000000000004a24                nrfx_gpiote_trigger_disable
 .text.nrfx_gpiote_pin_uninit
                0x0000000000004a70       0x80 modules/hal_nordic/nrfx/libmodules__hal_nordic__nrfx.a(nrfx_gpiote.c.obj)
                0x0000000000004a70                nrfx_gpiote_pin_uninit
 .text.nrfx_gpiote_irq_handler
                0x0000000000004af0      0x1a8 modules/hal_nordic/nrfx/libmodules__hal_nordic__nrfx.a(nrfx_gpiote.c.obj)
                0x0000000000004af0                nrfx_gpiote_irq_handler
 .text.nrfx_ppi_channel_alloc
                0x0000000000004c98        0xc modules/hal_nordic/nrfx/libmodules__hal_nordic__nrfx.a(nrfx_ppi.c.obj)
                0x0000000000004c98                nrfx_ppi_channel_alloc
 .text._DoInit  0x0000000000004ca4       0x68 modules/segger/libmodules__segger.a(SEGGER_RTT.c.obj)
 .text.SEGGER_RTT_ReadNoLock
                0x0000000000004d0c       0x88 modules/segger/libmodules__segger.a(SEGGER_RTT.c.obj)
                0x0000000000004d0c                SEGGER_RTT_ReadNoLock
 .text.SEGGER_RTT_WriteNoLock
                0x0000000000004d94       0x58 modules/segger/libmodules__segger.a(SEGGER_RTT.c.obj)
                0x0000000000004d94                SEGGER_RTT_WriteNoLock
 .text.SEGGER_RTT_Write
                0x0000000000004dec       0x34 modules/segger/libmodules__segger.a(SEGGER_RTT.c.obj)
                0x0000000000004dec                SEGGER_RTT_Write
 .text.SEGGER_RTT_HasData
                0x0000000000004e20       0x14 modules/segger/libmodules__segger.a(SEGGER_RTT.c.obj)
                0x0000000000004e20                SEGGER_RTT_HasData
 .text.SEGGER_RTT_HasDataUp
                0x0000000000004e34       0x14 modules/segger/libmodules__segger.a(SEGGER_RTT.c.obj)
                0x0000000000004e34                SEGGER_RTT_HasDataUp
 .text.z_device_get_all_static
                0x0000000000004e48       0x18 zephyr/kernel/libkernel.a(device.c.obj)
                0x0000000000004e48                z_device_get_all_static
 .text.z_fatal_error
                0x0000000000004e60       0x38 zephyr/kernel/libkernel.a(fatal.c.obj)
                0x0000000000004e60                z_fatal_error
 .text.z_sys_init_run_level
                0x0000000000004e98       0x48 zephyr/kernel/libkernel.a(init.c.obj)
 .text.bg_thread_main
                0x0000000000004ee0       0x34 zephyr/kernel/libkernel.a(init.c.obj)
 .text.z_bss_zero
                0x0000000000004f14       0x18 zephyr/kernel/libkernel.a(init.c.obj)
                0x0000000000004f14                z_bss_zero
 .text.z_init_cpu
                0x0000000000004f2c       0x94 zephyr/kernel/libkernel.a(init.c.obj)
                0x0000000000004f2c                z_init_cpu
 .text.z_cstart
                0x0000000000004fc0       0xdc zephyr/kernel/libkernel.a(init.c.obj)
                0x0000000000004fc0                z_cstart
 .text.init_mem_slab_module
                0x000000000000509c       0x24 zephyr/kernel/libkernel.a(mem_slab.c.obj)
 .text.k_mem_slab_alloc
                0x00000000000050c0       0x5c zephyr/kernel/libkernel.a(mem_slab.c.obj)
                0x00000000000050c0                k_mem_slab_alloc
 .text.k_thread_foreach
                0x000000000000511c       0x34 zephyr/kernel/libkernel.a(thread.c.obj)
                0x000000000000511c                k_thread_foreach
 .text.z_thread_monitor_exit
                0x0000000000005150       0x3c zephyr/kernel/libkernel.a(thread.c.obj)
                0x0000000000005150                z_thread_monitor_exit
 .text.z_impl_k_thread_name_set
                0x000000000000518c       0x20 zephyr/kernel/libkernel.a(thread.c.obj)
                0x000000000000518c                z_impl_k_thread_name_set
 .text.k_thread_state_str
                0x00000000000051ac       0x9c zephyr/kernel/libkernel.a(thread.c.obj)
                0x00000000000051ac                k_thread_state_str
 .text.z_setup_new_thread
                0x0000000000005248       0xe0 zephyr/kernel/libkernel.a(thread.c.obj)
                0x0000000000005248                z_setup_new_thread
 .text.z_impl_k_thread_create
                0x0000000000005328       0x58 zephyr/kernel/libkernel.a(thread.c.obj)
                0x0000000000005328                z_impl_k_thread_create
 .text.z_init_static_threads
                0x0000000000005380       0xb8 zephyr/kernel/libkernel.a(thread.c.obj)
                0x0000000000005380                z_init_static_threads
 .text.sys_kernel_version_get
                0x0000000000005438        0x8 zephyr/kernel/libkernel.a(version.c.obj)
                0x0000000000005438                sys_kernel_version_get
 .text.z_impl_k_mutex_lock
                0x0000000000005440       0xf4 zephyr/kernel/libkernel.a(mutex.c.obj)
                0x0000000000005440                z_impl_k_mutex_lock
 .text.z_impl_k_mutex_unlock
                0x0000000000005534       0x7c zephyr/kernel/libkernel.a(mutex.c.obj)
                0x0000000000005534                z_impl_k_mutex_unlock
 .text.z_impl_k_sem_give
                0x00000000000055b0       0x4c zephyr/kernel/libkernel.a(sem.c.obj)
                0x00000000000055b0                z_impl_k_sem_give
 .text.z_impl_k_sem_take
                0x00000000000055fc       0x50 zephyr/kernel/libkernel.a(sem.c.obj)
                0x00000000000055fc                z_impl_k_sem_take
 .text.sliceable
                0x000000000000564c       0x3c zephyr/kernel/libkernel.a(sched.c.obj)
 .text.slice_timeout
                0x0000000000005688       0x20 zephyr/kernel/libkernel.a(sched.c.obj)
 .text.z_reset_time_slice
                0x00000000000056a8       0x50 zephyr/kernel/libkernel.a(sched.c.obj)
                0x00000000000056a8                z_reset_time_slice
 .text.update_cache
                0x00000000000056f8       0x3c zephyr/kernel/libkernel.a(sched.c.obj)
 .text.move_thread_to_end_of_prio_q
                0x0000000000005734       0x74 zephyr/kernel/libkernel.a(sched.c.obj)
 .text.ready_thread
                0x00000000000057a8       0x68 zephyr/kernel/libkernel.a(sched.c.obj)
 .text.unready_thread
                0x0000000000005810       0x30 zephyr/kernel/libkernel.a(sched.c.obj)
 .text.pend_locked
                0x0000000000005840       0x30 zephyr/kernel/libkernel.a(sched.c.obj)
 .text.z_time_slice
                0x0000000000005870       0x60 zephyr/kernel/libkernel.a(sched.c.obj)
                0x0000000000005870                z_time_slice
 .text.z_pend_curr
                0x00000000000058d0       0x3c zephyr/kernel/libkernel.a(sched.c.obj)
                0x00000000000058d0                z_pend_curr
 .text.z_set_prio
                0x000000000000590c       0x8c zephyr/kernel/libkernel.a(sched.c.obj)
                0x000000000000590c                z_set_prio
 .text.z_reschedule
                0x0000000000005998       0x24 zephyr/kernel/libkernel.a(sched.c.obj)
                0x0000000000005998                z_reschedule
 .text.z_sched_start
                0x00000000000059bc       0x3c zephyr/kernel/libkernel.a(sched.c.obj)
                0x00000000000059bc                z_sched_start
 .text.z_impl_k_thread_suspend
                0x00000000000059f8       0x64 zephyr/kernel/libkernel.a(sched.c.obj)
                0x00000000000059f8                z_impl_k_thread_suspend
 .text.k_sched_lock
                0x0000000000005a5c       0x28 zephyr/kernel/libkernel.a(sched.c.obj)
                0x0000000000005a5c                k_sched_lock
 .text.k_sched_unlock
                0x0000000000005a84       0x38 zephyr/kernel/libkernel.a(sched.c.obj)
                0x0000000000005a84                k_sched_unlock
 .text.z_sched_init
                0x0000000000005abc       0x10 zephyr/kernel/libkernel.a(sched.c.obj)
                0x0000000000005abc                z_sched_init
 .text.z_impl_k_yield
                0x0000000000005acc       0x7c zephyr/kernel/libkernel.a(sched.c.obj)
                0x0000000000005acc                z_impl_k_yield
 .text.z_tick_sleep
                0x0000000000005b48       0x88 zephyr/kernel/libkernel.a(sched.c.obj)
 .text.z_impl_k_sleep
                0x0000000000005bd0       0x34 zephyr/kernel/libkernel.a(sched.c.obj)
                0x0000000000005bd0                z_impl_k_sleep
 .text.z_impl_z_current_get
                0x0000000000005c04        0xc zephyr/kernel/libkernel.a(sched.c.obj)
                0x0000000000005c04                z_impl_z_current_get
 .text.z_thread_abort
                0x0000000000005c10       0xc8 zephyr/kernel/libkernel.a(sched.c.obj)
                0x0000000000005c10                z_thread_abort
 .text.z_sched_wait
                0x0000000000005cd8       0x24 zephyr/kernel/libkernel.a(sched.c.obj)
                0x0000000000005cd8                z_sched_wait
 .text.z_data_copy
                0x0000000000005cfc       0x34 zephyr/kernel/libkernel.a(xip.c.obj)
                0x0000000000005cfc                z_data_copy
 .text.elapsed  0x0000000000005d30       0x14 zephyr/kernel/libkernel.a(timeout.c.obj)
 .text.next_timeout
                0x0000000000005d44       0x40 zephyr/kernel/libkernel.a(timeout.c.obj)
 .text.remove_timeout
                0x0000000000005d84       0x38 zephyr/kernel/libkernel.a(timeout.c.obj)
 .text.z_add_timeout
                0x0000000000005dbc       0xec zephyr/kernel/libkernel.a(timeout.c.obj)
                0x0000000000005dbc                z_add_timeout
 .text.sys_clock_announce
                0x0000000000005ea8       0xd4 zephyr/kernel/libkernel.a(timeout.c.obj)
                0x0000000000005ea8                sys_clock_announce
 .text.sys_clock_tick_get
                0x0000000000005f7c       0x34 zephyr/kernel/libkernel.a(timeout.c.obj)
                0x0000000000005f7c                sys_clock_tick_get
 .text.z_timer_expiration_handler
                0x0000000000005fb0       0xe4 zephyr/kernel/libkernel.a(timer.c.obj)
                0x0000000000005fb0                z_timer_expiration_handler
 .text.z_impl_k_timer_start
                0x0000000000006094       0x60 zephyr/kernel/libkernel.a(timer.c.obj)
                0x0000000000006094                z_impl_k_timer_start
 .text.z_impl_k_poll
                0x00000000000060f4       0xb8 zephyr/kernel/libkernel.a(poll.c.obj)
                0x00000000000060f4                z_impl_k_poll
 .text.z_impl_k_poll_signal_raise
                0x00000000000061ac       0x50 zephyr/kernel/libkernel.a(poll.c.obj)
                0x00000000000061ac                z_impl_k_poll_signal_raise
 .text.boot_banner
                0x00000000000061fc        0xc zephyr/kernel/libkernel.a(banner.c.obj)
                0x00000000000061fc                boot_banner
 .text.k_sys_work_q_init
                0x0000000000006208       0x34 zephyr/kernel/libkernel.a(system_work_q.c.obj)
 .text.work_queue_main
                0x000000000000623c      0x138 zephyr/kernel/libkernel.a(work.c.obj)
 .text.submit_to_queue_locked
                0x0000000000006374       0xb4 zephyr/kernel/libkernel.a(work.c.obj)
 .text.k_work_queue_start
                0x0000000000006428       0x70 zephyr/kernel/libkernel.a(work.c.obj)
                0x0000000000006428                k_work_queue_start
 .text.nrf_cc3xx_platform_init_no_rng
                0x0000000000006498       0x38 /home/rube/ncs/v2.5.0/nrfxlib/crypto/nrf_cc310_platform/lib/cortex-m4/soft-float/no-interrupts/libnrf_cc310_platform_0.9.18.a(nrf_cc3xx_platform.c.obj)
                0x0000000000006498                nrf_cc3xx_platform_init_no_rng
 .text.nrf_cc3xx_platform_abort
                0x00000000000064d0       0x24 /home/rube/ncs/v2.5.0/nrfxlib/crypto/nrf_cc310_platform/lib/cortex-m4/soft-float/no-interrupts/libnrf_cc310_platform_0.9.18.a(nrf_cc3xx_platform_abort.c.obj)
 .text.CC_PalAbort
                0x00000000000064f4       0x34 /home/rube/ncs/v2.5.0/nrfxlib/crypto/nrf_cc310_platform/lib/cortex-m4/soft-float/no-interrupts/libnrf_cc310_platform_0.9.18.a(nrf_cc3xx_platform_abort.c.obj)
                0x00000000000064f4                CC_PalAbort
 .text.nrf_cc3xx_platform_set_abort
                0x0000000000006528       0x10 /home/rube/ncs/v2.5.0/nrfxlib/crypto/nrf_cc310_platform/lib/cortex-m4/soft-float/no-interrupts/libnrf_cc310_platform_0.9.18.a(nrf_cc3xx_platform_abort.c.obj)
                0x0000000000006528                nrf_cc3xx_platform_set_abort
 .text.mutex_free
                0x0000000000006538       0x34 /home/rube/ncs/v2.5.0/nrfxlib/crypto/nrf_cc310_platform/lib/cortex-m4/soft-float/no-interrupts/libnrf_cc310_platform_0.9.18.a(nrf_cc3xx_platform_mutex.c.obj)
 .text.mutex_lock
                0x000000000000656c       0x48 /home/rube/ncs/v2.5.0/nrfxlib/crypto/nrf_cc310_platform/lib/cortex-m4/soft-float/no-interrupts/libnrf_cc310_platform_0.9.18.a(nrf_cc3xx_platform_mutex.c.obj)
 .text.mutex_unlock
                0x00000000000065b4       0x38 /home/rube/ncs/v2.5.0/nrfxlib/crypto/nrf_cc310_platform/lib/cortex-m4/soft-float/no-interrupts/libnrf_cc310_platform_0.9.18.a(nrf_cc3xx_platform_mutex.c.obj)
 .text.mutex_init
                0x00000000000065ec       0x20 /home/rube/ncs/v2.5.0/nrfxlib/crypto/nrf_cc310_platform/lib/cortex-m4/soft-float/no-interrupts/libnrf_cc310_platform_0.9.18.a(nrf_cc3xx_platform_mutex.c.obj)
 .text.nrf_cc3xx_platform_set_mutexes
                0x000000000000660c       0x74 /home/rube/ncs/v2.5.0/nrfxlib/crypto/nrf_cc310_platform/lib/cortex-m4/soft-float/no-interrupts/libnrf_cc310_platform_0.9.18.a(nrf_cc3xx_platform_mutex.c.obj)
                0x000000000000660c                nrf_cc3xx_platform_set_mutexes
 .text.CC_LibInitNoRng
                0x0000000000006680       0x64 /home/rube/ncs/v2.5.0/nrfxlib/crypto/nrf_cc310_platform/lib/cortex-m4/soft-float/no-interrupts/libnrf_cc310_platform_0.9.18.a(cc_lib.c.obj)
                0x0000000000006680                CC_LibInitNoRng
 .text.CC_HalInit
                0x00000000000066e4        0x4 /home/rube/ncs/v2.5.0/nrfxlib/crypto/nrf_cc310_platform/lib/cortex-m4/soft-float/no-interrupts/libnrf_cc310_platform_0.9.18.a(cc_hal.c.obj)
                0x00000000000066e4                CC_HalInit
 .text.CC_HalTerminate
                0x00000000000066e8        0x4 /home/rube/ncs/v2.5.0/nrfxlib/crypto/nrf_cc310_platform/lib/cortex-m4/soft-float/no-interrupts/libnrf_cc310_platform_0.9.18.a(cc_hal.c.obj)
                0x00000000000066e8                CC_HalTerminate
 .text.CC_HalMaskInterrupt
                0x00000000000066ec        0xc /home/rube/ncs/v2.5.0/nrfxlib/crypto/nrf_cc310_platform/lib/cortex-m4/soft-float/no-interrupts/libnrf_cc310_platform_0.9.18.a(cc_hal.c.obj)
                0x00000000000066ec                CC_HalMaskInterrupt
 .text.CC_PalInit
                0x00000000000066f8       0x5c /home/rube/ncs/v2.5.0/nrfxlib/crypto/nrf_cc310_platform/lib/cortex-m4/soft-float/no-interrupts/libnrf_cc310_platform_0.9.18.a(cc_pal.c.obj)
                0x00000000000066f8                CC_PalInit
 .text.CC_PalTerminate
                0x0000000000006754       0x34 /home/rube/ncs/v2.5.0/nrfxlib/crypto/nrf_cc310_platform/lib/cortex-m4/soft-float/no-interrupts/libnrf_cc310_platform_0.9.18.a(cc_pal.c.obj)
                0x0000000000006754                CC_PalTerminate
 .text.CC_PalDmaInit
                0x0000000000006788        0x4 /home/rube/ncs/v2.5.0/nrfxlib/crypto/nrf_cc310_platform/lib/cortex-m4/soft-float/no-interrupts/libnrf_cc310_platform_0.9.18.a(cc_pal_dma.c.obj)
                0x0000000000006788                CC_PalDmaInit
 .text.CC_PalDmaTerminate
                0x000000000000678c        0x4 /home/rube/ncs/v2.5.0/nrfxlib/crypto/nrf_cc310_platform/lib/cortex-m4/soft-float/no-interrupts/libnrf_cc310_platform_0.9.18.a(cc_pal_dma.c.obj)
                0x000000000000678c                CC_PalDmaTerminate
 .text.CC_PalMutexCreate
                0x0000000000006790       0x14 /home/rube/ncs/v2.5.0/nrfxlib/crypto/nrf_cc310_platform/lib/cortex-m4/soft-float/no-interrupts/libnrf_cc310_platform_0.9.18.a(cc_pal_mutex.c.obj)
                0x0000000000006790                CC_PalMutexCreate
 .text.CC_PalMutexDestroy
                0x00000000000067a4       0x14 /home/rube/ncs/v2.5.0/nrfxlib/crypto/nrf_cc310_platform/lib/cortex-m4/soft-float/no-interrupts/libnrf_cc310_platform_0.9.18.a(cc_pal_mutex.c.obj)
                0x00000000000067a4                CC_PalMutexDestroy
 .text.CC_PalPowerSaveModeInit
                0x00000000000067b8       0x3c /home/rube/ncs/v2.5.0/nrfxlib/crypto/nrf_cc310_platform/lib/cortex-m4/soft-float/no-interrupts/libnrf_cc310_platform_0.9.18.a(cc_pal_pm.c.obj)
                0x00000000000067b8                CC_PalPowerSaveModeInit
 .text.CC_PalPowerSaveModeSelect
                0x00000000000067f4       0x84 /home/rube/ncs/v2.5.0/nrfxlib/crypto/nrf_cc310_platform/lib/cortex-m4/soft-float/no-interrupts/libnrf_cc310_platform_0.9.18.a(cc_pal_pm.c.obj)
                0x00000000000067f4                CC_PalPowerSaveModeSelect
 .text.snprintf
                0x0000000000006878       0x58 /home/rube/ncs/toolchains/7795df4459/opt/zephyr-sdk/arm-zephyr-eabi/bin/../lib/gcc/../../picolibc/arm-zephyr-eabi/lib/thumb/v7e-m/nofp/libc.a(libc_tinystdio_snprintf.c.o)
                0x0000000000006878                snprintf
 .text.strtol   0x00000000000068d0       0xe0 /home/rube/ncs/toolchains/7795df4459/opt/zephyr-sdk/arm-zephyr-eabi/bin/../lib/gcc/../../picolibc/arm-zephyr-eabi/lib/thumb/v7e-m/nofp/libc.a(libc_tinystdio_strtol.c.o)
                0x00000000000068d0                strtol
 .text.strtoul  0x00000000000069b0       0xc8 /home/rube/ncs/toolchains/7795df4459/opt/zephyr-sdk/arm-zephyr-eabi/bin/../lib/gcc/../../picolibc/arm-zephyr-eabi/lib/thumb/v7e-m/nofp/libc.a(libc_tinystdio_strtoul.c.o)
                0x00000000000069b0                strtoul
 .text.__i_vfprintf
                0x0000000000006a78      0x490 /home/rube/ncs/toolchains/7795df4459/opt/zephyr-sdk/arm-zephyr-eabi/bin/../lib/gcc/../../picolibc/arm-zephyr-eabi/lib/thumb/v7e-m/nofp/libc.a(libc_tinystdio_vfiprintf.c.o)
                0x0000000000006a78                __i_vfprintf
 .text.main     0x0000000000006f08        0x2 app/libapp.a(main.c.obj)
                0x0000000000006f08                main
 .text.arch_printk_char_out
                0x0000000000006f0a        0x4 zephyr/libzephyr.a(printk.c.obj)
                0x0000000000006f0a                arch_printk_char_out
 .text.printk   0x0000000000006f0e       0x1a zephyr/libzephyr.a(printk.c.obj)
                0x0000000000006f0e                printk
 .text.chunk_size
                0x0000000000006f28        0xa zephyr/libzephyr.a(heap.c.obj)
 .text.free_list_add
                0x0000000000006f32       0x4e zephyr/libzephyr.a(heap.c.obj)
 .text.sys_heap_init
                0x0000000000006f80       0x7a zephyr/libzephyr.a(heap.c.obj)
                0x0000000000006f80                sys_heap_init
 .text.process_recheck
                0x0000000000006ffa       0x38 zephyr/libzephyr.a(onoff.c.obj)
 .text.validate_args
                0x0000000000007032       0x20 zephyr/libzephyr.a(onoff.c.obj)
 .text.notify_one
                0x0000000000007052       0x2c zephyr/libzephyr.a(onoff.c.obj)
 .text.transition_complete
                0x000000000000707e       0x1c zephyr/libzephyr.a(onoff.c.obj)
 .text.onoff_manager_init
                0x000000000000709a       0x26 zephyr/libzephyr.a(onoff.c.obj)
                0x000000000000709a                onoff_manager_init
 .text.onoff_request
                0x00000000000070c0       0xb0 zephyr/libzephyr.a(onoff.c.obj)
                0x00000000000070c0                onoff_request
 .text.sys_notify_validate
                0x0000000000007170       0x28 zephyr/libzephyr.a(notify.c.obj)
                0x0000000000007170                sys_notify_validate
 .text.sys_notify_finalize
                0x0000000000007198       0x32 zephyr/libzephyr.a(notify.c.obj)
                0x0000000000007198                sys_notify_finalize
 .text.ring_buf_put_claim
                0x00000000000071ca       0x3e zephyr/libzephyr.a(ring_buffer.c.obj)
                0x00000000000071ca                ring_buf_put_claim
 .text.ring_buf_put_finish
                0x0000000000007208       0x2a zephyr/libzephyr.a(ring_buffer.c.obj)
                0x0000000000007208                ring_buf_put_finish
 .text.ring_buf_get_claim
                0x0000000000007232       0x40 zephyr/libzephyr.a(ring_buffer.c.obj)
                0x0000000000007232                ring_buf_get_claim
 .text.ring_buf_get_finish
                0x0000000000007272       0x2a zephyr/libzephyr.a(ring_buffer.c.obj)
                0x0000000000007272                ring_buf_get_finish
 .text.ring_buf_get
                0x000000000000729c       0x40 zephyr/libzephyr.a(ring_buffer.c.obj)
                0x000000000000729c                ring_buf_get
 .text._ConfigAbsSyms
                0x00000000000072dc        0x2 zephyr/libzephyr.a(configs.c.obj)
                0x00000000000072dc                _ConfigAbsSyms
 .text.cmd_kernel_reboot_warm
                0x00000000000072de        0x8 zephyr/libzephyr.a(kernel_service.c.obj)
 .text.cmd_kernel_reboot_cold
                0x00000000000072e6        0x8 zephyr/libzephyr.a(kernel_service.c.obj)
 .text.read     0x00000000000072ee       0x10 zephyr/libzephyr.a(shell_rtt.c.obj)
 .text.timer_handler
                0x00000000000072fe       0x1a zephyr/libzephyr.a(shell_rtt.c.obj)
 .text.uninit   0x0000000000007318        0xe zephyr/libzephyr.a(shell_rtt.c.obj)
 .text.cmd_buffer_clear
                0x0000000000007326       0x12 zephyr/libzephyr.a(shell.c.obj)
 .text.atomic_or
                0x0000000000007338       0x1e zephyr/libzephyr.a(shell.c.obj)
 .text.atomic_and
                0x0000000000007356       0x1e zephyr/libzephyr.a(shell.c.obj)
 .text.shell_signal_handle
                0x0000000000007374       0x2c zephyr/libzephyr.a(shell.c.obj)
 .text.z_shell_strlen
                0x00000000000073a0        0xc zephyr/libzephyr.a(shell.c.obj)
 .text.z_shell_raw_fprintf
                0x00000000000073ac       0x1a zephyr/libzephyr.a(shell.c.obj)
 .text.k_mutex_lock.constprop.0.isra.0
                0x00000000000073c6        0x4 zephyr/libzephyr.a(shell.c.obj)
 .text.transport_evt_handler
                0x00000000000073ca       0x14 zephyr/libzephyr.a(shell.c.obj)
 .text.z_flag_cmd_ctx_set.isra.0
                0x00000000000073de       0x16 zephyr/libzephyr.a(shell.c.obj)
 .text.z_flag_history_exit_set.isra.0
                0x00000000000073f4       0x14 zephyr/libzephyr.a(shell.c.obj)
 .text.history_handle
                0x0000000000007408       0x8e zephyr/libzephyr.a(shell.c.obj)
 .text.z_flag_insert_mode_set.isra.0
                0x0000000000007496       0x1e zephyr/libzephyr.a(shell.c.obj)
 .text.k_mutex_unlock.isra.0
                0x00000000000074b4        0x4 zephyr/libzephyr.a(shell.c.obj)
 .text.shell_vfprintf
                0x00000000000074b8       0x8a zephyr/libzephyr.a(shell.c.obj)
                0x00000000000074b8                shell_vfprintf
 .text.shell_fprintf
                0x0000000000007542       0x1a zephyr/libzephyr.a(shell.c.obj)
                0x0000000000007542                shell_fprintf
 .text.shell_prompt_change
                0x000000000000755c       0x20 zephyr/libzephyr.a(shell.c.obj)
                0x000000000000755c                shell_prompt_change
 .text.shell_get_return_value
                0x000000000000757c       0x10 zephyr/libzephyr.a(shell.c.obj)
                0x000000000000757c                shell_get_return_value
 .text.shell_set_bypass
                0x000000000000758c        0xc zephyr/libzephyr.a(shell.c.obj)
                0x000000000000758c                shell_set_bypass
 .text.z_shell_fprintf_buffer_flush
                0x0000000000007598       0x18 zephyr/libzephyr.a(shell_fprintf.c.obj)
                0x0000000000007598                z_shell_fprintf_buffer_flush
 .text.out_func
                0x00000000000075b0       0x3c zephyr/libzephyr.a(shell_fprintf.c.obj)
 .text.z_shell_strlen
                0x00000000000075ec        0xc zephyr/libzephyr.a(shell_utils.c.obj)
 .text.z_column_span_with_buffer_offsets_get
                0x00000000000075f8       0x1e zephyr/libzephyr.a(shell_utils.c.obj)
                0x00000000000075f8                z_column_span_with_buffer_offsets_get
 .text.z_row_span_with_buffer_offsets_get
                0x0000000000007616       0x16 zephyr/libzephyr.a(shell_utils.c.obj)
                0x0000000000007616                z_row_span_with_buffer_offsets_get
 .text.z_shell_multiline_data_calc
                0x000000000000762c       0x2c zephyr/libzephyr.a(shell_utils.c.obj)
                0x000000000000762c                z_shell_multiline_data_calc
 .text.z_shell_pattern_remove
                0x0000000000007658       0x4e zephyr/libzephyr.a(shell_utils.c.obj)
                0x0000000000007658                z_shell_pattern_remove
 .text.z_shell_find_cmd
                0x00000000000076a6       0x56 zephyr/libzephyr.a(shell_utils.c.obj)
                0x00000000000076a6                z_shell_find_cmd
 .text.z_shell_raw_fprintf
                0x00000000000076fc       0x1a zephyr/libzephyr.a(shell_ops.c.obj)
 .text.full_line_cmd.isra.0
                0x0000000000007716       0x24 zephyr/libzephyr.a(shell_ops.c.obj)
 .text.z_shell_op_cursor_horiz_move
                0x000000000000773a        0x2 zephyr/libzephyr.a(shell_ops.c.obj)
                0x000000000000773a                z_shell_op_cursor_horiz_move
 .text.z_shell_cursor_in_empty_line
                0x000000000000773c       0x2e zephyr/libzephyr.a(shell_ops.c.obj)
                0x000000000000773c                z_shell_cursor_in_empty_line
 .text.z_shell_op_cond_next_line
                0x000000000000776a       0x1e zephyr/libzephyr.a(shell_ops.c.obj)
                0x000000000000776a                z_shell_op_cond_next_line
 .text.z_shell_op_cursor_position_synchronize
                0x0000000000007788       0x24 zephyr/libzephyr.a(shell_ops.c.obj)
                0x0000000000007788                z_shell_op_cursor_position_synchronize
 .text.z_shell_op_cursor_move
                0x00000000000077ac       0x34 zephyr/libzephyr.a(shell_ops.c.obj)
                0x00000000000077ac                z_shell_op_cursor_move
 .text.z_shell_op_cursor_home_move
                0x00000000000077e0        0xc zephyr/libzephyr.a(shell_ops.c.obj)
                0x00000000000077e0                z_shell_op_cursor_home_move
 .text.z_shell_op_cursor_end_move
                0x00000000000077ec        0xe zephyr/libzephyr.a(shell_ops.c.obj)
                0x00000000000077ec                z_shell_op_cursor_end_move
 .text.z_shell_op_left_arrow
                0x00000000000077fa       0x10 zephyr/libzephyr.a(shell_ops.c.obj)
                0x00000000000077fa                z_shell_op_left_arrow
 .text.z_shell_op_right_arrow
                0x000000000000780a       0x12 zephyr/libzephyr.a(shell_ops.c.obj)
                0x000000000000780a                z_shell_op_right_arrow
 .text.z_shell_op_delete_from_cursor
                0x000000000000781c       0x14 zephyr/libzephyr.a(shell_ops.c.obj)
                0x000000000000781c                z_shell_op_delete_from_cursor
 .text.z_shell_cmd_line_erase
                0x0000000000007830        0xc zephyr/libzephyr.a(shell_ops.c.obj)
                0x0000000000007830                z_shell_cmd_line_erase
 .text.z_shell_write
                0x000000000000783c       0x88 zephyr/libzephyr.a(shell_ops.c.obj)
                0x000000000000783c                z_shell_write
 .text.z_shell_print_stream
                0x00000000000078c4        0x4 zephyr/libzephyr.a(shell_ops.c.obj)
                0x00000000000078c4                z_shell_print_stream
 .text.z_shell_vfprintf
                0x00000000000078c8        0xa zephyr/libzephyr.a(shell_ops.c.obj)
                0x00000000000078c8                z_shell_vfprintf
 .text.z_shell_fprintf
                0x00000000000078d2       0x1c zephyr/libzephyr.a(shell_ops.c.obj)
                0x00000000000078d2                z_shell_fprintf
 .text.data_insert
                0x00000000000078ee       0x66 zephyr/libzephyr.a(shell_ops.c.obj)
 .text.z_shell_op_char_delete
                0x0000000000007954       0x36 zephyr/libzephyr.a(shell_ops.c.obj)
                0x0000000000007954                z_shell_op_char_delete
 .text.z_shell_op_char_backspace
                0x000000000000798a       0x22 zephyr/libzephyr.a(shell_ops.c.obj)
                0x000000000000798a                z_shell_op_char_backspace
 .text.z_shell_raw_fprintf
                0x00000000000079ac       0x1a zephyr/libzephyr.a(shell_help.c.obj)
 .text.cmd_shell_stats_reset
                0x00000000000079c6        0x8 zephyr/libzephyr.a(shell_cmds.c.obj)
 .text.cmd_prompt_on
                0x00000000000079ce        0xc zephyr/libzephyr.a(shell_cmds.c.obj)
 .text.cmd_echo_on
                0x00000000000079da       0x22 zephyr/libzephyr.a(shell_cmds.c.obj)
 .text.cmd_bacskpace_mode_delete
                0x00000000000079fc       0x22 zephyr/libzephyr.a(shell_cmds.c.obj)
 .text.cmd_echo_off
                0x0000000000007a1e       0x22 zephyr/libzephyr.a(shell_cmds.c.obj)
 .text.cmd_bacskpace_mode_backspace
                0x0000000000007a40       0x22 zephyr/libzephyr.a(shell_cmds.c.obj)
 .text.remove_from_tail.part.0
                0x0000000000007a62       0x24 zephyr/libzephyr.a(shell_history.c.obj)
 .text.z_shell_history_mode_exit
                0x0000000000007a86        0x6 zephyr/libzephyr.a(shell_history.c.obj)
                0x0000000000007a86                z_shell_history_mode_exit
 .text.z_shell_history_get
                0x0000000000007a8c       0x56 zephyr/libzephyr.a(shell_history.c.obj)
                0x0000000000007a8c                z_shell_history_get
 .text.z_shell_history_purge
                0x0000000000007ae2       0x18 zephyr/libzephyr.a(shell_history.c.obj)
                0x0000000000007ae2                z_shell_history_purge
 .text.z_shell_history_put
                0x0000000000007afa       0xd0 zephyr/libzephyr.a(shell_history.c.obj)
                0x0000000000007afa                z_shell_history_put
 .text.z_shell_history_init
                0x0000000000007bca        0xc zephyr/libzephyr.a(shell_history.c.obj)
                0x0000000000007bca                z_shell_history_init
 .text.z_shell_has_wildcard
                0x0000000000007bd6       0x28 zephyr/libzephyr.a(shell_wildcard.c.obj)
                0x0000000000007bd6                z_shell_has_wildcard
 .text.z_shell_wildcard_prepare
                0x0000000000007bfe       0x40 zephyr/libzephyr.a(shell_wildcard.c.obj)
                0x0000000000007bfe                z_shell_wildcard_prepare
 .text.z_shell_wildcard_finalize
                0x0000000000007c3e       0x1e zephyr/libzephyr.a(shell_wildcard.c.obj)
                0x0000000000007c3e                z_shell_wildcard_finalize
 .text.abort_function
                0x0000000000007c5c        0x8 zephyr/libzephyr.a(nrf_cc3xx_platform_abort_zephyr.c.obj)
 .text.z_arm_fatal_error
                0x0000000000007c64        0x4 zephyr/arch/arch/arm/core/aarch32/libarch__arm__core__aarch32.a(fatal.c.obj)
                0x0000000000007c64                z_arm_fatal_error
 .text.z_do_kernel_oops
                0x0000000000007c68        0x8 zephyr/arch/arch/arm/core/aarch32/libarch__arm__core__aarch32.a(fatal.c.obj)
                0x0000000000007c68                z_do_kernel_oops
 .text.z_irq_spurious
                0x0000000000007c70        0x8 zephyr/arch/arch/arm/core/aarch32/libarch__arm__core__aarch32.a(irq_manage.c.obj)
                0x0000000000007c70                z_irq_spurious
 .text.z_arm_nmi
                0x0000000000007c78        0xe zephyr/arch/arch/arm/core/aarch32/libarch__arm__core__aarch32.a(nmi.c.obj)
                0x0000000000007c78                z_arm_nmi
 .text.cbputc   0x0000000000007c86        0xc zephyr/lib/libc/picolibc/liblib__libc__picolibc.a(libc-hooks.c.obj)
 .text.picolibc_put
                0x0000000000007c92        0xa zephyr/lib/libc/picolibc/liblib__libc__picolibc.a(libc-hooks.c.obj)
 .text.fnmatchx
                0x0000000000007c9c      0x23c zephyr/lib/posix/liblib__posix.a(fnmatch.c.obj)
 .text.fnmatch  0x0000000000007ed8        0x6 zephyr/lib/posix/liblib__posix.a(fnmatch.c.obj)
                0x0000000000007ed8                fnmatch
 .text.get_status
                0x0000000000007ede       0x12 zephyr/drivers/clock_control/libdrivers__clock_control.a(clock_control_nrf.c.obj)
 .text.set_on_state
                0x0000000000007ef0       0x26 zephyr/drivers/clock_control/libdrivers__clock_control.a(clock_control_nrf.c.obj)
 .text.stop     0x0000000000007f16       0x54 zephyr/drivers/clock_control/libdrivers__clock_control.a(clock_control_nrf.c.obj)
 .text.api_stop
                0x0000000000007f6a        0x6 zephyr/drivers/clock_control/libdrivers__clock_control.a(clock_control_nrf.c.obj)
 .text.async_start
                0x0000000000007f70       0x5e zephyr/drivers/clock_control/libdrivers__clock_control.a(clock_control_nrf.c.obj)
 .text.api_start
                0x0000000000007fce        0xe zephyr/drivers/clock_control/libdrivers__clock_control.a(clock_control_nrf.c.obj)
 .text.onoff_started_callback
                0x0000000000007fdc       0x12 zephyr/drivers/clock_control/libdrivers__clock_control.a(clock_control_nrf.c.obj)
 .text.lfclk_start
                0x0000000000007fee        0x6 zephyr/drivers/clock_control/libdrivers__clock_control.a(clock_control_nrf.c.obj)
 .text.lfclk_stop
                0x0000000000007ff4        0x6 zephyr/drivers/clock_control/libdrivers__clock_control.a(clock_control_nrf.c.obj)
 .text.blocking_start_callback
                0x0000000000007ffa        0x6 zephyr/drivers/clock_control/libdrivers__clock_control.a(clock_control_nrf.c.obj)
 .text.gpio_nrfx_port_get_raw
                0x0000000000008000        0xe zephyr/drivers/gpio/libdrivers__gpio.a(gpio_nrfx.c.obj)
 .text.gpio_nrfx_port_set_masked_raw
                0x000000000000800e       0x18 zephyr/drivers/gpio/libdrivers__gpio.a(gpio_nrfx.c.obj)
 .text.gpio_nrfx_port_set_bits_raw
                0x0000000000008026        0xc zephyr/drivers/gpio/libdrivers__gpio.a(gpio_nrfx.c.obj)
 .text.gpio_nrfx_port_clear_bits_raw
                0x0000000000008032        0xc zephyr/drivers/gpio/libdrivers__gpio.a(gpio_nrfx.c.obj)
 .text.gpio_nrfx_port_toggle_bits
                0x000000000000803e       0x1a zephyr/drivers/gpio/libdrivers__gpio.a(gpio_nrfx.c.obj)
 .text.gpio_nrfx_manage_callback
                0x0000000000008058       0x52 zephyr/drivers/gpio/libdrivers__gpio.a(gpio_nrfx.c.obj)
 .text.pinctrl_lookup_state
                0x00000000000080aa       0x26 zephyr/drivers/pinctrl/libdrivers__pinctrl.a(common.c.obj)
                0x00000000000080aa                pinctrl_lookup_state
 .text.uarte_nrfx_config_get
                0x00000000000080d0       0x10 zephyr/drivers/serial/libdrivers__serial.a(uart_nrfx_uarte.c.obj)
 .text.uarte_nrfx_err_check
                0x00000000000080e0        0xe zephyr/drivers/serial/libdrivers__serial.a(uart_nrfx_uarte.c.obj)
 .text.uarte_nrfx_poll_in
                0x00000000000080ee       0x28 zephyr/drivers/serial/libdrivers__serial.a(uart_nrfx_uarte.c.obj)
 .text.is_tx_ready.isra.0
                0x0000000000008116       0x20 zephyr/drivers/serial/libdrivers__serial.a(uart_nrfx_uarte.c.obj)
 .text.uarte_nrfx_isr_int
                0x0000000000008136       0x72 zephyr/drivers/serial/libdrivers__serial.a(uart_nrfx_uarte.c.obj)
 .text.event_clear
                0x00000000000081a8       0x18 zephyr/drivers/timer/libdrivers__timer.a(nrf_rtc_timer.c.obj)
 .text.sys_clock_cycle_get_32
                0x00000000000081c0        0x8 zephyr/drivers/timer/libdrivers__timer.a(nrf_rtc_timer.c.obj)
                0x00000000000081c0                sys_clock_cycle_get_32
 .text.k_sys_fatal_error_handler
                0x00000000000081c8        0x8 modules/nrf/lib/fatal_error/lib..__nrf__lib__fatal_error.a(fatal_error.c.obj)
                0x00000000000081c8                k_sys_fatal_error_handler
 .text.hw_cc3xx_init_internal
                0x00000000000081d0        0x4 modules/nrf/drivers/hw_cc310/lib..__nrf__drivers__hw_cc310.a(hw_cc310.c.obj)
 .text.hw_cc3xx_init
                0x00000000000081d4       0x12 modules/nrf/drivers/hw_cc310/lib..__nrf__drivers__hw_cc310.a(hw_cc310.c.obj)
 .text.nrfx_isr
                0x00000000000081e6        0x2 modules/hal_nordic/nrfx/libmodules__hal_nordic__nrfx.a(nrfx_glue.c.obj)
                0x00000000000081e6                nrfx_isr
 .text.nrfx_busy_wait
                0x00000000000081e8        0x4 modules/hal_nordic/nrfx/libmodules__hal_nordic__nrfx.a(nrfx_glue.c.obj)
                0x00000000000081e8                nrfx_busy_wait
 .text.nrfx_gppi_channel_endpoints_setup
                0x00000000000081ec       0x14 modules/hal_nordic/nrfx/libmodules__hal_nordic__nrfx.a(nrfx_gppi_ppi.c.obj)
                0x00000000000081ec                nrfx_gppi_channel_endpoints_setup
 .text.nrfx_clock_enable
                0x0000000000008200       0x1a modules/hal_nordic/nrfx/libmodules__hal_nordic__nrfx.a(nrfx_clock.c.obj)
                0x0000000000008200                nrfx_clock_enable
 .text.nrfx_clock_start
                0x000000000000821a       0x78 modules/hal_nordic/nrfx/libmodules__hal_nordic__nrfx.a(nrfx_clock.c.obj)
                0x000000000000821a                nrfx_clock_start
 .text.nrfx_clock_stop
                0x0000000000008292        0x4 modules/hal_nordic/nrfx/libmodules__hal_nordic__nrfx.a(nrfx_clock.c.obj)
                0x0000000000008292                nrfx_clock_stop
 .text.nrf_gpio_reconfigure
                0x0000000000008296       0x92 modules/hal_nordic/nrfx/libmodules__hal_nordic__nrfx.a(nrfx_gpiote.c.obj)
 .text.nrf_gpio_cfg_sense_set
                0x0000000000008328       0x1e modules/hal_nordic/nrfx/libmodules__hal_nordic__nrfx.a(nrfx_gpiote.c.obj)
 .text._GetAvailWriteSpace
                0x0000000000008346       0x12 modules/segger/libmodules__segger.a(SEGGER_RTT.c.obj)
 .text._WriteNoCheck
                0x0000000000008358       0x3e modules/segger/libmodules__segger.a(SEGGER_RTT.c.obj)
 .text._WriteBlocking
                0x0000000000008396       0x5a modules/segger/libmodules__segger.a(SEGGER_RTT.c.obj)
 .text.SEGGER_RTT_Read
                0x00000000000083f0       0x1c modules/segger/libmodules__segger.a(SEGGER_RTT.c.obj)
                0x00000000000083f0                SEGGER_RTT_Read
 .text.SEGGER_RTT_Init
                0x000000000000840c        0x4 modules/segger/libmodules__segger.a(SEGGER_RTT.c.obj)
                0x000000000000840c                SEGGER_RTT_Init
 .text.rtt_init
                0x0000000000008410        0xa modules/segger/libmodules__segger.a(SEGGER_RTT_zephyr.c.obj)
 .text.z_impl_k_busy_wait
                0x000000000000841a        0x8 zephyr/kernel/libkernel.a(busy_wait.c.obj)
                0x000000000000841a                z_impl_k_busy_wait
 .text.z_device_state_init
                0x0000000000008422        0x2 zephyr/kernel/libkernel.a(device.c.obj)
                0x0000000000008422                z_device_state_init
 .text.z_device_is_ready
                0x0000000000008424       0x16 zephyr/kernel/libkernel.a(device.c.obj)
                0x0000000000008424                z_device_is_ready
 .text.z_early_memset
                0x000000000000843a        0x4 zephyr/kernel/libkernel.a(init.c.obj)
                0x000000000000843a                z_early_memset
 .text.z_early_memcpy
                0x000000000000843e        0x4 zephyr/kernel/libkernel.a(init.c.obj)
                0x000000000000843e                z_early_memcpy
 .text.create_free_list
                0x0000000000008442       0x2c zephyr/kernel/libkernel.a(mem_slab.c.obj)
 .text.k_mem_slab_init
                0x000000000000846e       0x1c zephyr/kernel/libkernel.a(mem_slab.c.obj)
                0x000000000000846e                k_mem_slab_init
 .text.k_mem_slab_free
                0x000000000000848a       0x4e zephyr/kernel/libkernel.a(mem_slab.c.obj)
                0x000000000000848a                k_mem_slab_free
 .text.k_is_in_isr
                0x00000000000084d8        0xc zephyr/kernel/libkernel.a(thread.c.obj)
                0x00000000000084d8                k_is_in_isr
 .text.k_thread_name_get
                0x00000000000084e4        0x4 zephyr/kernel/libkernel.a(thread.c.obj)
                0x00000000000084e4                k_thread_name_get
 .text.z_impl_k_thread_start
                0x00000000000084e8        0x4 zephyr/kernel/libkernel.a(thread.c.obj)
                0x00000000000084e8                z_impl_k_thread_start
 .text.z_stack_space_get
                0x00000000000084ec       0x18 zephyr/kernel/libkernel.a(thread.c.obj)
                0x00000000000084ec                z_stack_space_get
 .text.z_impl_k_thread_stack_space_get
                0x0000000000008504        0xa zephyr/kernel/libkernel.a(thread.c.obj)
                0x0000000000008504                z_impl_k_thread_stack_space_get
 .text.idle     0x000000000000850e       0x18 zephyr/kernel/libkernel.a(idle.c.obj)
                0x000000000000850e                idle
 .text.adjust_owner_prio.isra.0
                0x0000000000008526       0x10 zephyr/kernel/libkernel.a(mutex.c.obj)
 .text.z_impl_k_mutex_init
                0x0000000000008536        0xe zephyr/kernel/libkernel.a(mutex.c.obj)
                0x0000000000008536                z_impl_k_mutex_init
 .text.sys_dlist_remove
                0x0000000000008544       0x10 zephyr/kernel/libkernel.a(sched.c.obj)
 .text.unpend_thread_no_timeout
                0x0000000000008554       0x14 zephyr/kernel/libkernel.a(sched.c.obj)
 .text.z_sched_prio_cmp
                0x0000000000008568       0x12 zephyr/kernel/libkernel.a(sched.c.obj)
                0x0000000000008568                z_sched_prio_cmp
 .text.add_to_waitq_locked
                0x000000000000857a       0x50 zephyr/kernel/libkernel.a(sched.c.obj)
 .text.z_ready_thread
                0x00000000000085ca       0x20 zephyr/kernel/libkernel.a(sched.c.obj)
                0x00000000000085ca                z_ready_thread
 .text.z_unpend_thread_no_timeout
                0x00000000000085ea       0x24 zephyr/kernel/libkernel.a(sched.c.obj)
                0x00000000000085ea                z_unpend_thread_no_timeout
 .text.z_sched_wake_thread
                0x000000000000860e       0x44 zephyr/kernel/libkernel.a(sched.c.obj)
                0x000000000000860e                z_sched_wake_thread
 .text.z_thread_timeout
                0x0000000000008652        0x8 zephyr/kernel/libkernel.a(sched.c.obj)
                0x0000000000008652                z_thread_timeout
 .text.z_unpend1_no_timeout
                0x000000000000865a       0x2e zephyr/kernel/libkernel.a(sched.c.obj)
                0x000000000000865a                z_unpend1_no_timeout
 .text.z_unpend_first_thread
                0x0000000000008688       0x38 zephyr/kernel/libkernel.a(sched.c.obj)
                0x0000000000008688                z_unpend_first_thread
 .text.z_unpend_thread
                0x00000000000086c0       0x30 zephyr/kernel/libkernel.a(sched.c.obj)
                0x00000000000086c0                z_unpend_thread
 .text.z_reschedule_irqlock
                0x00000000000086f0       0x18 zephyr/kernel/libkernel.a(sched.c.obj)
                0x00000000000086f0                z_reschedule_irqlock
 .text.z_reschedule_unlocked
                0x0000000000008708       0x14 zephyr/kernel/libkernel.a(sched.c.obj)
 .text.z_sched_wake
                0x000000000000871c       0x48 zephyr/kernel/libkernel.a(sched.c.obj)
                0x000000000000871c                z_sched_wake
 .text.z_abort_timeout
                0x0000000000008764       0x2c zephyr/kernel/libkernel.a(timeout.c.obj)
                0x0000000000008764                z_abort_timeout
 .text.sys_clock_tick_get_32
                0x0000000000008790        0x8 zephyr/kernel/libkernel.a(timeout.c.obj)
                0x0000000000008790                sys_clock_tick_get_32
 .text.z_impl_k_uptime_ticks
                0x0000000000008798        0x4 zephyr/kernel/libkernel.a(timeout.c.obj)
                0x0000000000008798                z_impl_k_uptime_ticks
 .text.k_timer_init
                0x000000000000879c       0x18 zephyr/kernel/libkernel.a(timer.c.obj)
                0x000000000000879c                k_timer_init
 .text.z_impl_k_timer_stop
                0x00000000000087b4       0x3a zephyr/kernel/libkernel.a(timer.c.obj)
                0x00000000000087b4                z_impl_k_timer_stop
 .text.add_event
                0x00000000000087ee       0x62 zephyr/kernel/libkernel.a(poll.c.obj)
 .text.register_events
                0x0000000000008850       0xee zephyr/kernel/libkernel.a(poll.c.obj)
 .text.signal_poll_event
                0x000000000000893e       0xb4 zephyr/kernel/libkernel.a(poll.c.obj)
 .text.clear_event_registrations
                0x00000000000089f2       0x5e zephyr/kernel/libkernel.a(poll.c.obj)
 .text.k_poll_event_init
                0x0000000000008a50       0x1e zephyr/kernel/libkernel.a(poll.c.obj)
                0x0000000000008a50                k_poll_event_init
 .text.z_handle_obj_poll_events
                0x0000000000008a6e       0x1c zephyr/kernel/libkernel.a(poll.c.obj)
                0x0000000000008a6e                z_handle_obj_poll_events
 .text.z_impl_k_poll_signal_init
                0x0000000000008a8a        0xa zephyr/kernel/libkernel.a(poll.c.obj)
                0x0000000000008a8a                z_impl_k_poll_signal_init
 .text.z_impl_k_poll_signal_reset
                0x0000000000008a94        0x6 zephyr/kernel/libkernel.a(poll.c.obj)
                0x0000000000008a94                z_impl_k_poll_signal_reset
 .text.z_impl_k_poll_signal_check
                0x0000000000008a9a        0xa zephyr/kernel/libkernel.a(poll.c.obj)
                0x0000000000008a9a                z_impl_k_poll_signal_check
 .text.flag_test_and_clear
                0x0000000000008aa4       0x16 zephyr/kernel/libkernel.a(work.c.obj)
 .text.notify_queue_locked.isra.0
                0x0000000000008aba        0xe zephyr/kernel/libkernel.a(work.c.obj)
 .text.z_work_submit_to_queue
                0x0000000000008ac8       0x28 zephyr/kernel/libkernel.a(work.c.obj)
                0x0000000000008ac8                z_work_submit_to_queue
 .text._OffsetAbsSyms
                0x0000000000008af0        0x2 zephyr/CMakeFiles/offsets.dir/./arch/arm/core/offsets/offsets.c.obj
                0x0000000000008af0                _OffsetAbsSyms
 .text.__strcpy_chk
                0x0000000000008af2       0x38 /home/rube/ncs/toolchains/7795df4459/opt/zephyr-sdk/arm-zephyr-eabi/bin/../lib/gcc/../../picolibc/arm-zephyr-eabi/lib/thumb/v7e-m/nofp/libc.a(libc_ssp_strcpy_chk.c.o)
                0x0000000000008af2                __strcpy_chk
 .text.memcmp   0x0000000000008b2a       0x20 /home/rube/ncs/toolchains/7795df4459/opt/zephyr-sdk/arm-zephyr-eabi/bin/../lib/gcc/../../picolibc/arm-zephyr-eabi/lib/thumb/v7e-m/nofp/libc.a(libc_string_memcmp.c.o)
                0x0000000000008b2a                memcmp
 .text.strchr   0x0000000000008b4a       0x1a /home/rube/ncs/toolchains/7795df4459/opt/zephyr-sdk/arm-zephyr-eabi/bin/../lib/gcc/../../picolibc/arm-zephyr-eabi/lib/thumb/v7e-m/nofp/libc.a(libc_string_strchr.c.o)
                0x0000000000008b4a                strchr
 .text.strncmp  0x0000000000008b64       0x24 /home/rube/ncs/toolchains/7795df4459/opt/zephyr-sdk/arm-zephyr-eabi/bin/../lib/gcc/../../picolibc/arm-zephyr-eabi/lib/thumb/v7e-m/nofp/libc.a(libc_string_strncmp.c.o)
                0x0000000000008b64                strncmp
 .text.strncpy  0x0000000000008b88       0x20 /home/rube/ncs/toolchains/7795df4459/opt/zephyr-sdk/arm-zephyr-eabi/bin/../lib/gcc/../../picolibc/arm-zephyr-eabi/lib/thumb/v7e-m/nofp/libc.a(libc_string_strncpy.c.o)
                0x0000000000008b88                strncpy
 .text.strnlen  0x0000000000008ba8       0x18 /home/rube/ncs/toolchains/7795df4459/opt/zephyr-sdk/arm-zephyr-eabi/bin/../lib/gcc/../../picolibc/arm-zephyr-eabi/lib/thumb/v7e-m/nofp/libc.a(libc_string_strnlen.c.o)
                0x0000000000008ba8                strnlen
 .text.strstr   0x0000000000008bc0       0x2c /home/rube/ncs/toolchains/7795df4459/opt/zephyr-sdk/arm-zephyr-eabi/bin/../lib/gcc/../../picolibc/arm-zephyr-eabi/lib/thumb/v7e-m/nofp/libc.a(libc_string_strstr.c.o)
                0x0000000000008bc0                strstr
 .text.__ultoa_invert
                0x0000000000008bec       0x38 /home/rube/ncs/toolchains/7795df4459/opt/zephyr-sdk/arm-zephyr-eabi/bin/../lib/gcc/../../picolibc/arm-zephyr-eabi/lib/thumb/v7e-m/nofp/libc.a(libc_tinystdio_vfiprintf.c.o)
 .text.memcpy   0x0000000000008c24       0x1c /home/rube/ncs/toolchains/7795df4459/opt/zephyr-sdk/arm-zephyr-eabi/bin/../lib/gcc/../../picolibc/arm-zephyr-eabi/lib/thumb/v7e-m/nofp/libc.a(memcpy.c.o)
                0x0000000000008c24                memcpy
                0x0000000000008c24                __aeabi_memcpy
                0x0000000000008c24                __aeabi_memcpy4
                0x0000000000008c24                __aeabi_memcpy8
 .text.memmove  0x0000000000008c40       0x34 /home/rube/ncs/toolchains/7795df4459/opt/zephyr-sdk/arm-zephyr-eabi/bin/../lib/gcc/../../picolibc/arm-zephyr-eabi/lib/thumb/v7e-m/nofp/libc.a(memmove.c.o)
                0x0000000000008c40                memmove
                0x0000000000008c40                __aeabi_memmove8
                0x0000000000008c40                __aeabi_memmove
                0x0000000000008c40                __aeabi_memmove4
 .text.memset   0x0000000000008c74       0x10 /home/rube/ncs/toolchains/7795df4459/opt/zephyr-sdk/arm-zephyr-eabi/bin/../lib/gcc/../../picolibc/arm-zephyr-eabi/lib/thumb/v7e-m/nofp/libc.a(memset.c.o)
                0x0000000000008c74                memset
 .text.__file_str_put
                0x0000000000008c84       0x10 /home/rube/ncs/toolchains/7795df4459/opt/zephyr-sdk/arm-zephyr-eabi/bin/../lib/gcc/../../picolibc/arm-zephyr-eabi/lib/thumb/v7e-m/nofp/libc.a(libc_tinystdio_filestrput.c.o)
                0x0000000000008c84                __file_str_put
 *(SORT_BY_ALIGNMENT(.TEXT.*))
 .TEXT.__aeabi_read_tp
                0x0000000000008c94        0xc zephyr/arch/arch/arm/core/aarch32/cortex_m/libarch__arm__core__aarch32__cortex_m.a(__aeabi_read_tp.S.obj)
                0x0000000000008c94                __aeabi_read_tp
 *(SORT_BY_ALIGNMENT(.gnu.linkonce.t.*))
 *(SORT_BY_ALIGNMENT(.glue_7t))
 .glue_7t       0x0000000000008ca0        0x0 linker stubs
 *(SORT_BY_ALIGNMENT(.glue_7))
 .glue_7        0x0000000000008ca0        0x0 linker stubs
 *(SORT_BY_ALIGNMENT(.vfp11_veneer))
 .vfp11_veneer  0x0000000000008ca0        0x0 linker stubs
 *(SORT_BY_ALIGNMENT(.v4_bx))
 .v4_bx         0x0000000000008ca0        0x0 linker stubs
                0x0000000000008ca0                . = ALIGN (0x4)
                0x0000000000008ca0                __text_region_end = .

.ARM.exidx      0x0000000000008ca0        0x8
                0x0000000000008ca0                __exidx_start = .
 *(SORT_BY_ALIGNMENT(.ARM.exidx*) SORT_BY_ALIGNMENT(gnu.linkonce.armexidx.*))
 .ARM.exidx     0x0000000000008ca0        0x8 /home/rube/ncs/toolchains/7795df4459/opt/zephyr-sdk/arm-zephyr-eabi/bin/../lib/gcc/arm-zephyr-eabi/12.2.0/thumb/v7e-m/nofp/libgcc.a(_udivmoddi4.o)
                0x0000000000008ca8                __exidx_end = .
                0x0000000000008ca8                __rodata_region_start = .

initlevel       0x0000000000008ca8       0x78
                0x0000000000008ca8                __init_start = .
                0x0000000000008ca8                __init_EARLY_start = .
 *(SORT_BY_NAME(SORT_BY_ALIGNMENT(.z_init_EARLY?_*)))
 *(SORT_BY_NAME(SORT_BY_ALIGNMENT(.z_init_EARLY??_*)))
                0x0000000000008ca8                __init_PRE_KERNEL_1_start = .
 *(SORT_BY_NAME(SORT_BY_ALIGNMENT(.z_init_PRE_KERNEL_1?_*)))
 .z_init_PRE_KERNEL_10_0_
                0x0000000000008ca8        0x8 zephyr/soc/soc/arm/nordic_nrf/nrf52/libsoc__arm__nordic_nrf__nrf52.a(soc.c.obj)
 *(SORT_BY_NAME(SORT_BY_ALIGNMENT(.z_init_PRE_KERNEL_1??_*)))
 .z_init_PRE_KERNEL_130_00074_
                0x0000000000008cb0        0x8 zephyr/drivers/clock_control/libdrivers__clock_control.a(clock_control_nrf.c.obj)
 .z_init_PRE_KERNEL_130_0_
                0x0000000000008cb8        0x8 modules/segger/libmodules__segger.a(SEGGER_RTT_zephyr.c.obj)
 .z_init_PRE_KERNEL_130_0_
                0x0000000000008cc0        0x8 zephyr/kernel/libkernel.a(mem_slab.c.obj)
 .z_init_PRE_KERNEL_140_00011_
                0x0000000000008cc8        0x8 zephyr/drivers/gpio/libdrivers__gpio.a(gpio_nrfx.c.obj)
 .z_init_PRE_KERNEL_140_00104_
                0x0000000000008cd0        0x8 zephyr/drivers/gpio/libdrivers__gpio.a(gpio_nrfx.c.obj)
 .z_init_PRE_KERNEL_140_0_
                0x0000000000008cd8        0x8 modules/nrf/drivers/hw_cc310/lib..__nrf__drivers__hw_cc310.a(hw_cc310.c.obj)
 .z_init_PRE_KERNEL_155_00112_
                0x0000000000008ce0        0x8 zephyr/drivers/serial/libdrivers__serial.a(uart_nrfx_uarte.c.obj)
 .z_init_PRE_KERNEL_160_0_
                0x0000000000008ce8        0x8 zephyr/drivers/console/libdrivers__console.a(rtt_console.c.obj)
 .z_init_PRE_KERNEL_160_0_
                0x0000000000008cf0        0x8 zephyr/drivers/console/libdrivers__console.a(uart_console.c.obj)
                0x0000000000008cf8                __init_PRE_KERNEL_2_start = .
 *(SORT_BY_NAME(SORT_BY_ALIGNMENT(.z_init_PRE_KERNEL_2?_*)))
 .z_init_PRE_KERNEL_20_0_
                0x0000000000008cf8        0x8 zephyr/drivers/timer/libdrivers__timer.a(nrf_rtc_timer.c.obj)
 *(SORT_BY_NAME(SORT_BY_ALIGNMENT(.z_init_PRE_KERNEL_2??_*)))
                0x0000000000008d00                __init_POST_KERNEL_start = .
 *(SORT_BY_NAME(SORT_BY_ALIGNMENT(.z_init_POST_KERNEL?_*)))
 .z_init_POST_KERNEL0_0_
                0x0000000000008d00        0x8 zephyr/libzephyr.a(shell_rtt.c.obj)
 *(SORT_BY_NAME(SORT_BY_ALIGNMENT(.z_init_POST_KERNEL??_*)))
 .z_init_POST_KERNEL40_0_
                0x0000000000008d08        0x8 zephyr/lib/libc/common/liblib__libc__common.a(malloc.c.obj)
 .z_init_POST_KERNEL40_0_
                0x0000000000008d10        0x8 modules/nrf/drivers/hw_cc310/lib..__nrf__drivers__hw_cc310.a(hw_cc310.c.obj)
 .z_init_POST_KERNEL40_0_
                0x0000000000008d18        0x8 zephyr/kernel/libkernel.a(system_work_q.c.obj)
                0x0000000000008d20                __init_APPLICATION_start = .
 *(SORT_BY_NAME(SORT_BY_ALIGNMENT(.z_init_APPLICATION?_*)))
 *(SORT_BY_NAME(SORT_BY_ALIGNMENT(.z_init_APPLICATION??_*)))
                0x0000000000008d20                __init_SMP_start = .
 *(SORT_BY_NAME(SORT_BY_ALIGNMENT(.z_init_SMP?_*)))
 *(SORT_BY_NAME(SORT_BY_ALIGNMENT(.z_init_SMP??_*)))
                0x0000000000008d20                __init_end = .

device_area     0x0000000000008d20       0x50
                0x0000000000008d20                _device_list_start = .
 *(SORT_BY_NAME(SORT_BY_ALIGNMENT(._device.static.*_?_*)))
 *(SORT_BY_NAME(SORT_BY_ALIGNMENT(._device.static.*_??_*)))
 ._device.static.1_30_
                0x0000000000008d20       0x14 zephyr/drivers/clock_control/libdrivers__clock_control.a(clock_control_nrf.c.obj)
                0x0000000000008d20                __device_dts_ord_74
 ._device.static.1_40_
                0x0000000000008d34       0x28 zephyr/drivers/gpio/libdrivers__gpio.a(gpio_nrfx.c.obj)
                0x0000000000008d34                __device_dts_ord_104
                0x0000000000008d48                __device_dts_ord_11
 ._device.static.1_55_
                0x0000000000008d5c       0x14 zephyr/drivers/serial/libdrivers__serial.a(uart_nrfx_uarte.c.obj)
                0x0000000000008d5c                __device_dts_ord_112
                0x0000000000008d70                _device_list_end = .

sw_isr_table    0x0000000000008d70      0x180
                0x0000000000008d70                . = ALIGN (0x4)
 *(SORT_BY_ALIGNMENT(.gnu.linkonce.sw_isr_table*))
 .gnu.linkonce.sw_isr_table
                0x0000000000008d70      0x180 zephyr/CMakeFiles/zephyr_final.dir/isr_tables.c.obj
                0x0000000000008d70                _sw_isr_table

initlevel_error
                0x0000000000008ca8        0x0
 *(SORT_BY_NAME(SORT_BY_ALIGNMENT(.z_init_[_A-Z0-9]*)))
                0x0000000000000001                ASSERT ((SIZEOF (initlevel_error) == 0x0), Undefined initialization levels used.)

app_shmem_regions
                0x0000000000008ef0        0x0
                0x0000000000008ef0                __app_shmem_regions_start = .
 *(SORT_BY_NAME(SORT_BY_ALIGNMENT(.app_regions.*)))
                0x0000000000008ef0                __app_shmem_regions_end = .

k_p4wq_initparam_area
                0x0000000000008ef0        0x0
                0x0000000000008ef0                _k_p4wq_initparam_list_start = .
 *(SORT_BY_NAME(SORT_BY_ALIGNMENT(._k_p4wq_initparam.static.*)))
                0x0000000000008ef0                _k_p4wq_initparam_list_end = .

_static_thread_data_area
                0x0000000000008ef0        0x0
                0x0000000000008ef0                __static_thread_data_list_start = .
 *(SORT_BY_NAME(SORT_BY_ALIGNMENT(.__static_thread_data.static.*)))
                0x0000000000008ef0                __static_thread_data_list_end = .
